Startpoint: _63984_ (rising edge-triggered flip-flop clocked by clock)
Endpoint: _64956_ (removal check against rising-edge clock clock)
Path Group: **async_default**
Path Type: min

  Delay    Time   Description
---------------------------------------------------------
   0.00    0.00   clock clock (rise edge)
   0.00    0.00   clock network delay (ideal)
   0.00    0.00 ^ _63984_/CLK (sky130_fd_sc_hd__dfstp_4)
   0.27    0.27 v _63984_/Q (sky130_fd_sc_hd__dfstp_4)
   0.34    0.61 v _61021_/X (sky130_fd_sc_hd__or4_4)
   0.11    0.72 ^ _61022_/Y (sky130_fd_sc_hd__inv_2)
   0.07    0.79 ^ _61023_/X (sky130_fd_sc_hd__buf_2)
   0.09    0.88 ^ _61024_/X (sky130_fd_sc_hd__buf_2)
   0.22    1.10 ^ _61025_/X (sky130_fd_sc_hd__buf_2)
   0.20    1.29 ^ _61026_/X (sky130_fd_sc_hd__buf_2)
   0.25    1.55 ^ _61027_/X (sky130_fd_sc_hd__buf_2)
   0.12    1.66 ^ _61028_/X (sky130_fd_sc_hd__buf_2)
   0.06    1.73 ^ psn_inst_psn_buff_0/X (sky130_fd_sc_hd__buf_8)
   0.00    1.73 ^ _64956_/RESET_B (sky130_fd_sc_hd__dfrtp_4)
           1.73   data arrival time

   0.00    0.00   clock clock (rise edge)
   0.00    0.00   clock network delay (ideal)
   0.00    0.00   clock reconvergence pessimism
           0.00 ^ _64956_/CLK (sky130_fd_sc_hd__dfrtp_4)
   0.19    0.19   library removal time
           0.19   data required time
---------------------------------------------------------
           0.19   data required time
          -1.73   data arrival time
---------------------------------------------------------
           1.53   slack (MET)


Startpoint: _65355_ (rising edge-triggered flip-flop clocked by clock)
Endpoint: _62178_ (rising edge-triggered flip-flop clocked by clock)
Path Group: clock
Path Type: min

  Delay    Time   Description
---------------------------------------------------------
   0.00    0.00   clock clock (rise edge)
   0.00    0.00   clock network delay (ideal)
   0.00    0.00 ^ _65355_/CLK (sky130_fd_sc_hd__dfxtp_4)
   0.19    0.19 ^ _65355_/Q (sky130_fd_sc_hd__dfxtp_4)
   0.00    0.19 ^ _62178_/D (sky130_fd_sc_hd__dfxtp_4)
           0.19   data arrival time

   0.00    0.00   clock clock (rise edge)
   0.00    0.00   clock network delay (ideal)
   0.00    0.00   clock reconvergence pessimism
           0.00 ^ _62178_/CLK (sky130_fd_sc_hd__dfxtp_4)
  -0.02   -0.02   library hold time
          -0.02   data required time
---------------------------------------------------------
          -0.02   data required time
          -0.19   data arrival time
---------------------------------------------------------
           0.20   slack (MET)


Startpoint: resetb (input port clocked by clock)
Endpoint: _63984_ (recovery check against rising-edge clock clock)
Path Group: **async_default**
Path Type: max

  Delay    Time   Description
---------------------------------------------------------
   0.00    0.00   clock clock (rise edge)
   0.00    0.00   clock network delay (ideal)
  10.00   10.00 ^ input external delay
   0.24   10.24 ^ resetb (in)
   0.00   10.24 ^ _63984_/SET_B (sky130_fd_sc_hd__dfstp_4)
          10.24   data arrival time

  50.00   50.00   clock clock (rise edge)
   0.00   50.00   clock network delay (ideal)
   0.00   50.00   clock reconvergence pessimism
          50.00 ^ _63984_/CLK (sky130_fd_sc_hd__dfstp_4)
   0.21   50.21   library recovery time
          50.21   data required time
---------------------------------------------------------
          50.21   data required time
         -10.24   data arrival time
---------------------------------------------------------
          39.98   slack (MET)


Startpoint: clock (clock source 'clock')
Endpoint: mgmt_out_data[14] (output port clocked by clock)
Path Group: clock
Path Type: max

  Delay    Time   Description
---------------------------------------------------------
  25.00   25.00   clock clock (fall edge)
   3.13   28.13   clock network delay
          28.13 v mgmt_out_data[14] (out)
          28.13   data arrival time

  50.00   50.00   clock clock (rise edge)
   0.00   50.00   clock network delay (ideal)
   0.00   50.00   clock reconvergence pessimism
 -10.00   40.00   output external delay
          40.00   data required time
---------------------------------------------------------
          40.00   data required time
         -28.13   data arrival time
---------------------------------------------------------
          11.87   slack (MET)


