
26. Executing CHECK pass (checking for obvious problems).
checking module mgmt_core..
Warning: Wire mgmt_core.\user_clk is used but has no driver.
Warning: Wire mgmt_core.\sdo_outenb is used but has no driver.
Warning: Wire mgmt_core.\sdo_out is used but has no driver.
Warning: Wire mgmt_core.\pwr_ctrl_out [3] is used but has no driver.
Warning: Wire mgmt_core.\pwr_ctrl_out [2] is used but has no driver.
Warning: Wire mgmt_core.\pwr_ctrl_out [1] is used but has no driver.
Warning: Wire mgmt_core.\pwr_ctrl_out [0] is used but has no driver.
Warning: Wire mgmt_core.\mprj_we_o is used but has no driver.
Warning: Wire mgmt_core.\mprj_stb_o is used but has no driver.
Warning: Wire mgmt_core.\mprj_sel_o [3] is used but has no driver.
Warning: Wire mgmt_core.\mprj_sel_o [2] is used but has no driver.
Warning: Wire mgmt_core.\mprj_sel_o [1] is used but has no driver.
Warning: Wire mgmt_core.\mprj_sel_o [0] is used but has no driver.
Warning: Wire mgmt_core.\mprj_io_loader_resetn is used but has no driver.
Warning: Wire mgmt_core.\mprj_io_loader_data is used but has no driver.
Warning: Wire mgmt_core.\mprj_io_loader_clock is used but has no driver.
Warning: Wire mgmt_core.\mprj_dat_o [31] is used but has no driver.
Warning: Wire mgmt_core.\mprj_dat_o [30] is used but has no driver.
Warning: Wire mgmt_core.\mprj_dat_o [29] is used but has no driver.
Warning: Wire mgmt_core.\mprj_dat_o [28] is used but has no driver.
Warning: Wire mgmt_core.\mprj_dat_o [27] is used but has no driver.
Warning: Wire mgmt_core.\mprj_dat_o [26] is used but has no driver.
Warning: Wire mgmt_core.\mprj_dat_o [25] is used but has no driver.
Warning: Wire mgmt_core.\mprj_dat_o [24] is used but has no driver.
Warning: Wire mgmt_core.\mprj_dat_o [23] is used but has no driver.
Warning: Wire mgmt_core.\mprj_dat_o [22] is used but has no driver.
Warning: Wire mgmt_core.\mprj_dat_o [21] is used but has no driver.
Warning: Wire mgmt_core.\mprj_dat_o [20] is used but has no driver.
Warning: Wire mgmt_core.\mprj_dat_o [19] is used but has no driver.
Warning: Wire mgmt_core.\mprj_dat_o [18] is used but has no driver.
Warning: Wire mgmt_core.\mprj_dat_o [17] is used but has no driver.
Warning: Wire mgmt_core.\mprj_dat_o [16] is used but has no driver.
Warning: Wire mgmt_core.\mprj_dat_o [15] is used but has no driver.
Warning: Wire mgmt_core.\mprj_dat_o [14] is used but has no driver.
Warning: Wire mgmt_core.\mprj_dat_o [13] is used but has no driver.
Warning: Wire mgmt_core.\mprj_dat_o [12] is used but has no driver.
Warning: Wire mgmt_core.\mprj_dat_o [11] is used but has no driver.
Warning: Wire mgmt_core.\mprj_dat_o [10] is used but has no driver.
Warning: Wire mgmt_core.\mprj_dat_o [9] is used but has no driver.
Warning: Wire mgmt_core.\mprj_dat_o [8] is used but has no driver.
Warning: Wire mgmt_core.\mprj_dat_o [7] is used but has no driver.
Warning: Wire mgmt_core.\mprj_dat_o [6] is used but has no driver.
Warning: Wire mgmt_core.\mprj_dat_o [5] is used but has no driver.
Warning: Wire mgmt_core.\mprj_dat_o [4] is used but has no driver.
Warning: Wire mgmt_core.\mprj_dat_o [3] is used but has no driver.
Warning: Wire mgmt_core.\mprj_dat_o [2] is used but has no driver.
Warning: Wire mgmt_core.\mprj_dat_o [1] is used but has no driver.
Warning: Wire mgmt_core.\mprj_dat_o [0] is used but has no driver.
Warning: Wire mgmt_core.\mprj_cyc_o is used but has no driver.
Warning: Wire mgmt_core.\mprj_adr_o [31] is used but has no driver.
Warning: Wire mgmt_core.\mprj_adr_o [30] is used but has no driver.
Warning: Wire mgmt_core.\mprj_adr_o [29] is used but has no driver.
Warning: Wire mgmt_core.\mprj_adr_o [28] is used but has no driver.
Warning: Wire mgmt_core.\mprj_adr_o [27] is used but has no driver.
Warning: Wire mgmt_core.\mprj_adr_o [26] is used but has no driver.
Warning: Wire mgmt_core.\mprj_adr_o [25] is used but has no driver.
Warning: Wire mgmt_core.\mprj_adr_o [24] is used but has no driver.
Warning: Wire mgmt_core.\mprj_adr_o [23] is used but has no driver.
Warning: Wire mgmt_core.\mprj_adr_o [22] is used but has no driver.
Warning: Wire mgmt_core.\mprj_adr_o [21] is used but has no driver.
Warning: Wire mgmt_core.\mprj_adr_o [20] is used but has no driver.
Warning: Wire mgmt_core.\mprj_adr_o [19] is used but has no driver.
Warning: Wire mgmt_core.\mprj_adr_o [18] is used but has no driver.
Warning: Wire mgmt_core.\mprj_adr_o [17] is used but has no driver.
Warning: Wire mgmt_core.\mprj_adr_o [16] is used but has no driver.
Warning: Wire mgmt_core.\mprj_adr_o [15] is used but has no driver.
Warning: Wire mgmt_core.\mprj_adr_o [14] is used but has no driver.
Warning: Wire mgmt_core.\mprj_adr_o [13] is used but has no driver.
Warning: Wire mgmt_core.\mprj_adr_o [12] is used but has no driver.
Warning: Wire mgmt_core.\mprj_adr_o [11] is used but has no driver.
Warning: Wire mgmt_core.\mprj_adr_o [10] is used but has no driver.
Warning: Wire mgmt_core.\mprj_adr_o [9] is used but has no driver.
Warning: Wire mgmt_core.\mprj_adr_o [8] is used but has no driver.
Warning: Wire mgmt_core.\mprj_adr_o [7] is used but has no driver.
Warning: Wire mgmt_core.\mprj_adr_o [6] is used but has no driver.
Warning: Wire mgmt_core.\mprj_adr_o [5] is used but has no driver.
Warning: Wire mgmt_core.\mprj_adr_o [4] is used but has no driver.
Warning: Wire mgmt_core.\mprj_adr_o [3] is used but has no driver.
Warning: Wire mgmt_core.\mprj_adr_o [2] is used but has no driver.
Warning: Wire mgmt_core.\mprj_adr_o [1] is used but has no driver.
Warning: Wire mgmt_core.\mprj_adr_o [0] is used but has no driver.
Warning: Wire mgmt_core.\mgmt_wen_mask [7] is used but has no driver.
Warning: Wire mgmt_core.\mgmt_wen_mask [6] is used but has no driver.
Warning: Wire mgmt_core.\mgmt_wen_mask [5] is used but has no driver.
Warning: Wire mgmt_core.\mgmt_wen_mask [4] is used but has no driver.
Warning: Wire mgmt_core.\mgmt_wen_mask [3] is used but has no driver.
Warning: Wire mgmt_core.\mgmt_wen_mask [2] is used but has no driver.
Warning: Wire mgmt_core.\mgmt_wen_mask [1] is used but has no driver.
Warning: Wire mgmt_core.\mgmt_wen_mask [0] is used but has no driver.
Warning: Wire mgmt_core.\mgmt_wen [1] is used but has no driver.
Warning: Wire mgmt_core.\mgmt_wen [0] is used but has no driver.
Warning: Wire mgmt_core.\mgmt_out_data [37] is used but has no driver.
Warning: Wire mgmt_core.\mgmt_out_data [36] is used but has no driver.
Warning: Wire mgmt_core.\mgmt_out_data [35] is used but has no driver.
Warning: Wire mgmt_core.\mgmt_out_data [34] is used but has no driver.
Warning: Wire mgmt_core.\mgmt_out_data [33] is used but has no driver.
Warning: Wire mgmt_core.\mgmt_out_data [32] is used but has no driver.
Warning: Wire mgmt_core.\mgmt_out_data [31] is used but has no driver.
Warning: Wire mgmt_core.\mgmt_out_data [30] is used but has no driver.
Warning: Wire mgmt_core.\mgmt_out_data [29] is used but has no driver.
Warning: Wire mgmt_core.\mgmt_out_data [28] is used but has no driver.
Warning: Wire mgmt_core.\mgmt_out_data [27] is used but has no driver.
Warning: Wire mgmt_core.\mgmt_out_data [26] is used but has no driver.
Warning: Wire mgmt_core.\mgmt_out_data [25] is used but has no driver.
Warning: Wire mgmt_core.\mgmt_out_data [24] is used but has no driver.
Warning: Wire mgmt_core.\mgmt_out_data [23] is used but has no driver.
Warning: Wire mgmt_core.\mgmt_out_data [22] is used but has no driver.
Warning: Wire mgmt_core.\mgmt_out_data [21] is used but has no driver.
Warning: Wire mgmt_core.\mgmt_out_data [20] is used but has no driver.
Warning: Wire mgmt_core.\mgmt_out_data [19] is used but has no driver.
Warning: Wire mgmt_core.\mgmt_out_data [18] is used but has no driver.
Warning: Wire mgmt_core.\mgmt_out_data [17] is used but has no driver.
Warning: Wire mgmt_core.\mgmt_out_data [16] is used but has no driver.
Warning: Wire mgmt_core.\mgmt_out_data [15] is used but has no driver.
Warning: Wire mgmt_core.\mgmt_out_data [14] is used but has no driver.
Warning: Wire mgmt_core.\mgmt_out_data [13] is used but has no driver.
Warning: Wire mgmt_core.\mgmt_out_data [12] is used but has no driver.
Warning: Wire mgmt_core.\mgmt_out_data [11] is used but has no driver.
Warning: Wire mgmt_core.\mgmt_out_data [10] is used but has no driver.
Warning: Wire mgmt_core.\mgmt_out_data [9] is used but has no driver.
Warning: Wire mgmt_core.\mgmt_out_data [8] is used but has no driver.
Warning: Wire mgmt_core.\mgmt_out_data [7] is used but has no driver.
Warning: Wire mgmt_core.\mgmt_out_data [6] is used but has no driver.
Warning: Wire mgmt_core.\mgmt_out_data [5] is used but has no driver.
Warning: Wire mgmt_core.\mgmt_out_data [4] is used but has no driver.
Warning: Wire mgmt_core.\mgmt_out_data [3] is used but has no driver.
Warning: Wire mgmt_core.\mgmt_out_data [2] is used but has no driver.
Warning: Wire mgmt_core.\mgmt_out_data [1] is used but has no driver.
Warning: Wire mgmt_core.\mgmt_out_data [0] is used but has no driver.
Warning: Wire mgmt_core.\mgmt_ena_ro is used but has no driver.
Warning: Wire mgmt_core.\mgmt_ena [1] is used but has no driver.
Warning: Wire mgmt_core.\mgmt_ena [0] is used but has no driver.
Warning: Wire mgmt_core.\mgmt_addr_ro [7] is used but has no driver.
Warning: Wire mgmt_core.\mgmt_addr_ro [6] is used but has no driver.
Warning: Wire mgmt_core.\mgmt_addr_ro [5] is used but has no driver.
Warning: Wire mgmt_core.\mgmt_addr_ro [4] is used but has no driver.
Warning: Wire mgmt_core.\mgmt_addr_ro [3] is used but has no driver.
Warning: Wire mgmt_core.\mgmt_addr_ro [2] is used but has no driver.
Warning: Wire mgmt_core.\mgmt_addr_ro [1] is used but has no driver.
Warning: Wire mgmt_core.\mgmt_addr_ro [0] is used but has no driver.
Warning: Wire mgmt_core.\la_output [127] is used but has no driver.
Warning: Wire mgmt_core.\la_output [126] is used but has no driver.
Warning: Wire mgmt_core.\la_output [125] is used but has no driver.
Warning: Wire mgmt_core.\la_output [124] is used but has no driver.
Warning: Wire mgmt_core.\la_output [123] is used but has no driver.
Warning: Wire mgmt_core.\la_output [122] is used but has no driver.
Warning: Wire mgmt_core.\la_output [121] is used but has no driver.
Warning: Wire mgmt_core.\la_output [120] is used but has no driver.
Warning: Wire mgmt_core.\la_output [119] is used but has no driver.
Warning: Wire mgmt_core.\la_output [118] is used but has no driver.
Warning: Wire mgmt_core.\la_output [117] is used but has no driver.
Warning: Wire mgmt_core.\la_output [116] is used but has no driver.
Warning: Wire mgmt_core.\la_output [115] is used but has no driver.
Warning: Wire mgmt_core.\la_output [114] is used but has no driver.
Warning: Wire mgmt_core.\la_output [113] is used but has no driver.
Warning: Wire mgmt_core.\la_output [112] is used but has no driver.
Warning: Wire mgmt_core.\la_output [111] is used but has no driver.
Warning: Wire mgmt_core.\la_output [110] is used but has no driver.
Warning: Wire mgmt_core.\la_output [109] is used but has no driver.
Warning: Wire mgmt_core.\la_output [108] is used but has no driver.
Warning: Wire mgmt_core.\la_output [107] is used but has no driver.
Warning: Wire mgmt_core.\la_output [106] is used but has no driver.
Warning: Wire mgmt_core.\la_output [105] is used but has no driver.
Warning: Wire mgmt_core.\la_output [104] is used but has no driver.
Warning: Wire mgmt_core.\la_output [103] is used but has no driver.
Warning: Wire mgmt_core.\la_output [102] is used but has no driver.
Warning: Wire mgmt_core.\la_output [101] is used but has no driver.
Warning: Wire mgmt_core.\la_output [100] is used but has no driver.
Warning: Wire mgmt_core.\la_output [99] is used but has no driver.
Warning: Wire mgmt_core.\la_output [98] is used but has no driver.
Warning: Wire mgmt_core.\la_output [97] is used but has no driver.
Warning: Wire mgmt_core.\la_output [96] is used but has no driver.
Warning: Wire mgmt_core.\la_output [95] is used but has no driver.
Warning: Wire mgmt_core.\la_output [94] is used but has no driver.
Warning: Wire mgmt_core.\la_output [93] is used but has no driver.
Warning: Wire mgmt_core.\la_output [92] is used but has no driver.
Warning: Wire mgmt_core.\la_output [91] is used but has no driver.
Warning: Wire mgmt_core.\la_output [90] is used but has no driver.
Warning: Wire mgmt_core.\la_output [89] is used but has no driver.
Warning: Wire mgmt_core.\la_output [88] is used but has no driver.
Warning: Wire mgmt_core.\la_output [87] is used but has no driver.
Warning: Wire mgmt_core.\la_output [86] is used but has no driver.
Warning: Wire mgmt_core.\la_output [85] is used but has no driver.
Warning: Wire mgmt_core.\la_output [84] is used but has no driver.
Warning: Wire mgmt_core.\la_output [83] is used but has no driver.
Warning: Wire mgmt_core.\la_output [82] is used but has no driver.
Warning: Wire mgmt_core.\la_output [81] is used but has no driver.
Warning: Wire mgmt_core.\la_output [80] is used but has no driver.
Warning: Wire mgmt_core.\la_output [79] is used but has no driver.
Warning: Wire mgmt_core.\la_output [78] is used but has no driver.
Warning: Wire mgmt_core.\la_output [77] is used but has no driver.
Warning: Wire mgmt_core.\la_output [76] is used but has no driver.
Warning: Wire mgmt_core.\la_output [75] is used but has no driver.
Warning: Wire mgmt_core.\la_output [74] is used but has no driver.
Warning: Wire mgmt_core.\la_output [73] is used but has no driver.
Warning: Wire mgmt_core.\la_output [72] is used but has no driver.
Warning: Wire mgmt_core.\la_output [71] is used but has no driver.
Warning: Wire mgmt_core.\la_output [70] is used but has no driver.
Warning: Wire mgmt_core.\la_output [69] is used but has no driver.
Warning: Wire mgmt_core.\la_output [68] is used but has no driver.
Warning: Wire mgmt_core.\la_output [67] is used but has no driver.
Warning: Wire mgmt_core.\la_output [66] is used but has no driver.
Warning: Wire mgmt_core.\la_output [65] is used but has no driver.
Warning: Wire mgmt_core.\la_output [64] is used but has no driver.
Warning: Wire mgmt_core.\la_output [63] is used but has no driver.
Warning: Wire mgmt_core.\la_output [62] is used but has no driver.
Warning: Wire mgmt_core.\la_output [61] is used but has no driver.
Warning: Wire mgmt_core.\la_output [60] is used but has no driver.
Warning: Wire mgmt_core.\la_output [59] is used but has no driver.
Warning: Wire mgmt_core.\la_output [58] is used but has no driver.
Warning: Wire mgmt_core.\la_output [57] is used but has no driver.
Warning: Wire mgmt_core.\la_output [56] is used but has no driver.
Warning: Wire mgmt_core.\la_output [55] is used but has no driver.
Warning: Wire mgmt_core.\la_output [54] is used but has no driver.
Warning: Wire mgmt_core.\la_output [53] is used but has no driver.
Warning: Wire mgmt_core.\la_output [52] is used but has no driver.
Warning: Wire mgmt_core.\la_output [51] is used but has no driver.
Warning: Wire mgmt_core.\la_output [50] is used but has no driver.
Warning: Wire mgmt_core.\la_output [49] is used but has no driver.
Warning: Wire mgmt_core.\la_output [48] is used but has no driver.
Warning: Wire mgmt_core.\la_output [47] is used but has no driver.
Warning: Wire mgmt_core.\la_output [46] is used but has no driver.
Warning: Wire mgmt_core.\la_output [45] is used but has no driver.
Warning: Wire mgmt_core.\la_output [44] is used but has no driver.
Warning: Wire mgmt_core.\la_output [43] is used but has no driver.
Warning: Wire mgmt_core.\la_output [42] is used but has no driver.
Warning: Wire mgmt_core.\la_output [41] is used but has no driver.
Warning: Wire mgmt_core.\la_output [40] is used but has no driver.
Warning: Wire mgmt_core.\la_output [39] is used but has no driver.
Warning: Wire mgmt_core.\la_output [38] is used but has no driver.
Warning: Wire mgmt_core.\la_output [37] is used but has no driver.
Warning: Wire mgmt_core.\la_output [36] is used but has no driver.
Warning: Wire mgmt_core.\la_output [35] is used but has no driver.
Warning: Wire mgmt_core.\la_output [34] is used but has no driver.
Warning: Wire mgmt_core.\la_output [33] is used but has no driver.
Warning: Wire mgmt_core.\la_output [32] is used but has no driver.
Warning: Wire mgmt_core.\la_output [31] is used but has no driver.
Warning: Wire mgmt_core.\la_output [30] is used but has no driver.
Warning: Wire mgmt_core.\la_output [29] is used but has no driver.
Warning: Wire mgmt_core.\la_output [28] is used but has no driver.
Warning: Wire mgmt_core.\la_output [27] is used but has no driver.
Warning: Wire mgmt_core.\la_output [26] is used but has no driver.
Warning: Wire mgmt_core.\la_output [25] is used but has no driver.
Warning: Wire mgmt_core.\la_output [24] is used but has no driver.
Warning: Wire mgmt_core.\la_output [23] is used but has no driver.
Warning: Wire mgmt_core.\la_output [22] is used but has no driver.
Warning: Wire mgmt_core.\la_output [21] is used but has no driver.
Warning: Wire mgmt_core.\la_output [20] is used but has no driver.
Warning: Wire mgmt_core.\la_output [19] is used but has no driver.
Warning: Wire mgmt_core.\la_output [18] is used but has no driver.
Warning: Wire mgmt_core.\la_output [17] is used but has no driver.
Warning: Wire mgmt_core.\la_output [16] is used but has no driver.
Warning: Wire mgmt_core.\la_output [15] is used but has no driver.
Warning: Wire mgmt_core.\la_output [14] is used but has no driver.
Warning: Wire mgmt_core.\la_output [13] is used but has no driver.
Warning: Wire mgmt_core.\la_output [12] is used but has no driver.
Warning: Wire mgmt_core.\la_output [11] is used but has no driver.
Warning: Wire mgmt_core.\la_output [10] is used but has no driver.
Warning: Wire mgmt_core.\la_output [9] is used but has no driver.
Warning: Wire mgmt_core.\la_output [8] is used but has no driver.
Warning: Wire mgmt_core.\la_output [7] is used but has no driver.
Warning: Wire mgmt_core.\la_output [6] is used but has no driver.
Warning: Wire mgmt_core.\la_output [5] is used but has no driver.
Warning: Wire mgmt_core.\la_output [4] is used but has no driver.
Warning: Wire mgmt_core.\la_output [3] is used but has no driver.
Warning: Wire mgmt_core.\la_output [2] is used but has no driver.
Warning: Wire mgmt_core.\la_output [1] is used but has no driver.
Warning: Wire mgmt_core.\la_output [0] is used but has no driver.
Warning: Wire mgmt_core.\la_oen [127] is used but has no driver.
Warning: Wire mgmt_core.\la_oen [126] is used but has no driver.
Warning: Wire mgmt_core.\la_oen [125] is used but has no driver.
Warning: Wire mgmt_core.\la_oen [124] is used but has no driver.
Warning: Wire mgmt_core.\la_oen [123] is used but has no driver.
Warning: Wire mgmt_core.\la_oen [122] is used but has no driver.
Warning: Wire mgmt_core.\la_oen [121] is used but has no driver.
Warning: Wire mgmt_core.\la_oen [120] is used but has no driver.
Warning: Wire mgmt_core.\la_oen [119] is used but has no driver.
Warning: Wire mgmt_core.\la_oen [118] is used but has no driver.
Warning: Wire mgmt_core.\la_oen [117] is used but has no driver.
Warning: Wire mgmt_core.\la_oen [116] is used but has no driver.
Warning: Wire mgmt_core.\la_oen [115] is used but has no driver.
Warning: Wire mgmt_core.\la_oen [114] is used but has no driver.
Warning: Wire mgmt_core.\la_oen [113] is used but has no driver.
Warning: Wire mgmt_core.\la_oen [112] is used but has no driver.
Warning: Wire mgmt_core.\la_oen [111] is used but has no driver.
Warning: Wire mgmt_core.\la_oen [110] is used but has no driver.
Warning: Wire mgmt_core.\la_oen [109] is used but has no driver.
Warning: Wire mgmt_core.\la_oen [108] is used but has no driver.
Warning: Wire mgmt_core.\la_oen [107] is used but has no driver.
Warning: Wire mgmt_core.\la_oen [106] is used but has no driver.
Warning: Wire mgmt_core.\la_oen [105] is used but has no driver.
Warning: Wire mgmt_core.\la_oen [104] is used but has no driver.
Warning: Wire mgmt_core.\la_oen [103] is used but has no driver.
Warning: Wire mgmt_core.\la_oen [102] is used but has no driver.
Warning: Wire mgmt_core.\la_oen [101] is used but has no driver.
Warning: Wire mgmt_core.\la_oen [100] is used but has no driver.
Warning: Wire mgmt_core.\la_oen [99] is used but has no driver.
Warning: Wire mgmt_core.\la_oen [98] is used but has no driver.
Warning: Wire mgmt_core.\la_oen [97] is used but has no driver.
Warning: Wire mgmt_core.\la_oen [96] is used but has no driver.
Warning: Wire mgmt_core.\la_oen [95] is used but has no driver.
Warning: Wire mgmt_core.\la_oen [94] is used but has no driver.
Warning: Wire mgmt_core.\la_oen [93] is used but has no driver.
Warning: Wire mgmt_core.\la_oen [92] is used but has no driver.
Warning: Wire mgmt_core.\la_oen [91] is used but has no driver.
Warning: Wire mgmt_core.\la_oen [90] is used but has no driver.
Warning: Wire mgmt_core.\la_oen [89] is used but has no driver.
Warning: Wire mgmt_core.\la_oen [88] is used but has no driver.
Warning: Wire mgmt_core.\la_oen [87] is used but has no driver.
Warning: Wire mgmt_core.\la_oen [86] is used but has no driver.
Warning: Wire mgmt_core.\la_oen [85] is used but has no driver.
Warning: Wire mgmt_core.\la_oen [84] is used but has no driver.
Warning: Wire mgmt_core.\la_oen [83] is used but has no driver.
Warning: Wire mgmt_core.\la_oen [82] is used but has no driver.
Warning: Wire mgmt_core.\la_oen [81] is used but has no driver.
Warning: Wire mgmt_core.\la_oen [80] is used but has no driver.
Warning: Wire mgmt_core.\la_oen [79] is used but has no driver.
Warning: Wire mgmt_core.\la_oen [78] is used but has no driver.
Warning: Wire mgmt_core.\la_oen [77] is used but has no driver.
Warning: Wire mgmt_core.\la_oen [76] is used but has no driver.
Warning: Wire mgmt_core.\la_oen [75] is used but has no driver.
Warning: Wire mgmt_core.\la_oen [74] is used but has no driver.
Warning: Wire mgmt_core.\la_oen [73] is used but has no driver.
Warning: Wire mgmt_core.\la_oen [72] is used but has no driver.
Warning: Wire mgmt_core.\la_oen [71] is used but has no driver.
Warning: Wire mgmt_core.\la_oen [70] is used but has no driver.
Warning: Wire mgmt_core.\la_oen [69] is used but has no driver.
Warning: Wire mgmt_core.\la_oen [68] is used but has no driver.
Warning: Wire mgmt_core.\la_oen [67] is used but has no driver.
Warning: Wire mgmt_core.\la_oen [66] is used but has no driver.
Warning: Wire mgmt_core.\la_oen [65] is used but has no driver.
Warning: Wire mgmt_core.\la_oen [64] is used but has no driver.
Warning: Wire mgmt_core.\la_oen [63] is used but has no driver.
Warning: Wire mgmt_core.\la_oen [62] is used but has no driver.
Warning: Wire mgmt_core.\la_oen [61] is used but has no driver.
Warning: Wire mgmt_core.\la_oen [60] is used but has no driver.
Warning: Wire mgmt_core.\la_oen [59] is used but has no driver.
Warning: Wire mgmt_core.\la_oen [58] is used but has no driver.
Warning: Wire mgmt_core.\la_oen [57] is used but has no driver.
Warning: Wire mgmt_core.\la_oen [56] is used but has no driver.
Warning: Wire mgmt_core.\la_oen [55] is used but has no driver.
Warning: Wire mgmt_core.\la_oen [54] is used but has no driver.
Warning: Wire mgmt_core.\la_oen [53] is used but has no driver.
Warning: Wire mgmt_core.\la_oen [52] is used but has no driver.
Warning: Wire mgmt_core.\la_oen [51] is used but has no driver.
Warning: Wire mgmt_core.\la_oen [50] is used but has no driver.
Warning: Wire mgmt_core.\la_oen [49] is used but has no driver.
Warning: Wire mgmt_core.\la_oen [48] is used but has no driver.
Warning: Wire mgmt_core.\la_oen [47] is used but has no driver.
Warning: Wire mgmt_core.\la_oen [46] is used but has no driver.
Warning: Wire mgmt_core.\la_oen [45] is used but has no driver.
Warning: Wire mgmt_core.\la_oen [44] is used but has no driver.
Warning: Wire mgmt_core.\la_oen [43] is used but has no driver.
Warning: Wire mgmt_core.\la_oen [42] is used but has no driver.
Warning: Wire mgmt_core.\la_oen [41] is used but has no driver.
Warning: Wire mgmt_core.\la_oen [40] is used but has no driver.
Warning: Wire mgmt_core.\la_oen [39] is used but has no driver.
Warning: Wire mgmt_core.\la_oen [38] is used but has no driver.
Warning: Wire mgmt_core.\la_oen [37] is used but has no driver.
Warning: Wire mgmt_core.\la_oen [36] is used but has no driver.
Warning: Wire mgmt_core.\la_oen [35] is used but has no driver.
Warning: Wire mgmt_core.\la_oen [34] is used but has no driver.
Warning: Wire mgmt_core.\la_oen [33] is used but has no driver.
Warning: Wire mgmt_core.\la_oen [32] is used but has no driver.
Warning: Wire mgmt_core.\la_oen [31] is used but has no driver.
Warning: Wire mgmt_core.\la_oen [30] is used but has no driver.
Warning: Wire mgmt_core.\la_oen [29] is used but has no driver.
Warning: Wire mgmt_core.\la_oen [28] is used but has no driver.
Warning: Wire mgmt_core.\la_oen [27] is used but has no driver.
Warning: Wire mgmt_core.\la_oen [26] is used but has no driver.
Warning: Wire mgmt_core.\la_oen [25] is used but has no driver.
Warning: Wire mgmt_core.\la_oen [24] is used but has no driver.
Warning: Wire mgmt_core.\la_oen [23] is used but has no driver.
Warning: Wire mgmt_core.\la_oen [22] is used but has no driver.
Warning: Wire mgmt_core.\la_oen [21] is used but has no driver.
Warning: Wire mgmt_core.\la_oen [20] is used but has no driver.
Warning: Wire mgmt_core.\la_oen [19] is used but has no driver.
Warning: Wire mgmt_core.\la_oen [18] is used but has no driver.
Warning: Wire mgmt_core.\la_oen [17] is used but has no driver.
Warning: Wire mgmt_core.\la_oen [16] is used but has no driver.
Warning: Wire mgmt_core.\la_oen [15] is used but has no driver.
Warning: Wire mgmt_core.\la_oen [14] is used but has no driver.
Warning: Wire mgmt_core.\la_oen [13] is used but has no driver.
Warning: Wire mgmt_core.\la_oen [12] is used but has no driver.
Warning: Wire mgmt_core.\la_oen [11] is used but has no driver.
Warning: Wire mgmt_core.\la_oen [10] is used but has no driver.
Warning: Wire mgmt_core.\la_oen [9] is used but has no driver.
Warning: Wire mgmt_core.\la_oen [8] is used but has no driver.
Warning: Wire mgmt_core.\la_oen [7] is used but has no driver.
Warning: Wire mgmt_core.\la_oen [6] is used but has no driver.
Warning: Wire mgmt_core.\la_oen [5] is used but has no driver.
Warning: Wire mgmt_core.\la_oen [4] is used but has no driver.
Warning: Wire mgmt_core.\la_oen [3] is used but has no driver.
Warning: Wire mgmt_core.\la_oen [2] is used but has no driver.
Warning: Wire mgmt_core.\la_oen [1] is used but has no driver.
Warning: Wire mgmt_core.\la_oen [0] is used but has no driver.
Warning: Wire mgmt_core.\jtag_outenb is used but has no driver.
Warning: Wire mgmt_core.\jtag_out is used but has no driver.
Warning: Wire mgmt_core.\gpio_outenb_pad is used but has no driver.
Warning: Wire mgmt_core.\gpio_out_pad is used but has no driver.
Warning: Wire mgmt_core.\gpio_mode1_pad is used but has no driver.
Warning: Wire mgmt_core.\gpio_mode0_pad is used but has no driver.
Warning: Wire mgmt_core.\gpio_inenb_pad is used but has no driver.
Warning: Wire mgmt_core.\flash_io1_oeb is used but has no driver.
Warning: Wire mgmt_core.\flash_io1_ieb is used but has no driver.
Warning: Wire mgmt_core.\flash_io1_do is used but has no driver.
Warning: Wire mgmt_core.\flash_io0_oeb is used but has no driver.
Warning: Wire mgmt_core.\flash_io0_ieb is used but has no driver.
Warning: Wire mgmt_core.\flash_io0_do is used but has no driver.
Warning: Wire mgmt_core.\flash_csb_oeb is used but has no driver.
Warning: Wire mgmt_core.\flash_csb_ieb is used but has no driver.
Warning: Wire mgmt_core.\flash_csb is used but has no driver.
Warning: Wire mgmt_core.\flash_clk_oeb is used but has no driver.
Warning: Wire mgmt_core.\flash_clk_ieb is used but has no driver.
Warning: Wire mgmt_core.\flash_clk is used but has no driver.
Warning: Wire mgmt_core.\core_rstn is used but has no driver.
Warning: Wire mgmt_core.\soc.soc_mem.mem.wen[3] is used but has no driver.
Warning: Wire mgmt_core.\soc.soc_mem.mem.wen[2] is used but has no driver.
Warning: Wire mgmt_core.\soc.soc_mem.mem.wen[1] is used but has no driver.
Warning: Wire mgmt_core.\soc.soc_mem.mem.wen[0] is used but has no driver.
Warning: Wire mgmt_core.\soc.soc_mem.mem.ena is used but has no driver.
Warning: Wire mgmt_core.\mgmt_wdata [31] is used but has no driver.
Warning: Wire mgmt_core.\mgmt_wdata [30] is used but has no driver.
Warning: Wire mgmt_core.\mgmt_wdata [29] is used but has no driver.
Warning: Wire mgmt_core.\mgmt_wdata [28] is used but has no driver.
Warning: Wire mgmt_core.\mgmt_wdata [27] is used but has no driver.
Warning: Wire mgmt_core.\mgmt_wdata [26] is used but has no driver.
Warning: Wire mgmt_core.\mgmt_wdata [25] is used but has no driver.
Warning: Wire mgmt_core.\mgmt_wdata [24] is used but has no driver.
Warning: Wire mgmt_core.\mgmt_wdata [23] is used but has no driver.
Warning: Wire mgmt_core.\mgmt_wdata [22] is used but has no driver.
Warning: Wire mgmt_core.\mgmt_wdata [21] is used but has no driver.
Warning: Wire mgmt_core.\mgmt_wdata [20] is used but has no driver.
Warning: Wire mgmt_core.\mgmt_wdata [19] is used but has no driver.
Warning: Wire mgmt_core.\mgmt_wdata [18] is used but has no driver.
Warning: Wire mgmt_core.\mgmt_wdata [17] is used but has no driver.
Warning: Wire mgmt_core.\mgmt_wdata [16] is used but has no driver.
Warning: Wire mgmt_core.\mgmt_wdata [15] is used but has no driver.
Warning: Wire mgmt_core.\mgmt_wdata [14] is used but has no driver.
Warning: Wire mgmt_core.\mgmt_wdata [13] is used but has no driver.
Warning: Wire mgmt_core.\mgmt_wdata [12] is used but has no driver.
Warning: Wire mgmt_core.\mgmt_wdata [11] is used but has no driver.
Warning: Wire mgmt_core.\mgmt_wdata [10] is used but has no driver.
Warning: Wire mgmt_core.\mgmt_wdata [9] is used but has no driver.
Warning: Wire mgmt_core.\mgmt_wdata [8] is used but has no driver.
Warning: Wire mgmt_core.\mgmt_wdata [7] is used but has no driver.
Warning: Wire mgmt_core.\mgmt_wdata [6] is used but has no driver.
Warning: Wire mgmt_core.\mgmt_wdata [5] is used but has no driver.
Warning: Wire mgmt_core.\mgmt_wdata [4] is used but has no driver.
Warning: Wire mgmt_core.\mgmt_wdata [3] is used but has no driver.
Warning: Wire mgmt_core.\mgmt_wdata [2] is used but has no driver.
Warning: Wire mgmt_core.\mgmt_wdata [1] is used but has no driver.
Warning: Wire mgmt_core.\mgmt_wdata [0] is used but has no driver.
Warning: Wire mgmt_core.\core_clk is used but has no driver.
Warning: Wire mgmt_core.\mgmt_addr [7] is used but has no driver.
Warning: Wire mgmt_core.\mgmt_addr [6] is used but has no driver.
Warning: Wire mgmt_core.\mgmt_addr [5] is used but has no driver.
Warning: Wire mgmt_core.\mgmt_addr [4] is used but has no driver.
Warning: Wire mgmt_core.\mgmt_addr [3] is used but has no driver.
Warning: Wire mgmt_core.\mgmt_addr [2] is used but has no driver.
Warning: Wire mgmt_core.\mgmt_addr [1] is used but has no driver.
Warning: Wire mgmt_core.\mgmt_addr [0] is used but has no driver.
Warning: Wire mgmt_core.\housekeeping.pll_trim[25] is used but has no driver.
Warning: Wire mgmt_core.\housekeeping.pll_trim[24] is used but has no driver.
Warning: Wire mgmt_core.\housekeeping.pll_trim[23] is used but has no driver.
Warning: Wire mgmt_core.\housekeeping.pll_trim[22] is used but has no driver.
Warning: Wire mgmt_core.\housekeeping.pll_trim[21] is used but has no driver.
Warning: Wire mgmt_core.\housekeeping.pll_trim[20] is used but has no driver.
Warning: Wire mgmt_core.\housekeeping.pll_trim[19] is used but has no driver.
Warning: Wire mgmt_core.\housekeeping.pll_trim[18] is used but has no driver.
Warning: Wire mgmt_core.\housekeeping.pll_trim[17] is used but has no driver.
Warning: Wire mgmt_core.\housekeeping.pll_trim[16] is used but has no driver.
Warning: Wire mgmt_core.\housekeeping.pll_trim[15] is used but has no driver.
Warning: Wire mgmt_core.\housekeeping.pll_trim[14] is used but has no driver.
Warning: Wire mgmt_core.\housekeeping.pll_trim[13] is used but has no driver.
Warning: Wire mgmt_core.\housekeeping.pll_trim[12] is used but has no driver.
Warning: Wire mgmt_core.\housekeeping.pll_trim[11] is used but has no driver.
Warning: Wire mgmt_core.\housekeeping.pll_trim[10] is used but has no driver.
Warning: Wire mgmt_core.\housekeeping.pll_trim[9] is used but has no driver.
Warning: Wire mgmt_core.\housekeeping.pll_trim[8] is used but has no driver.
Warning: Wire mgmt_core.\housekeeping.pll_trim[7] is used but has no driver.
Warning: Wire mgmt_core.\housekeeping.pll_trim[6] is used but has no driver.
Warning: Wire mgmt_core.\housekeeping.pll_trim[5] is used but has no driver.
Warning: Wire mgmt_core.\housekeeping.pll_trim[4] is used but has no driver.
Warning: Wire mgmt_core.\housekeeping.pll_trim[3] is used but has no driver.
Warning: Wire mgmt_core.\housekeeping.pll_trim[2] is used but has no driver.
Warning: Wire mgmt_core.\housekeeping.pll_trim[1] is used but has no driver.
Warning: Wire mgmt_core.\housekeeping.pll_trim[0] is used but has no driver.
Warning: Wire mgmt_core.\housekeeping.pll_ena is used but has no driver.
Warning: Wire mgmt_core.\housekeeping.pll_div[4] is used but has no driver.
Warning: Wire mgmt_core.\housekeeping.pll_div[3] is used but has no driver.
Warning: Wire mgmt_core.\housekeeping.pll_div[2] is used but has no driver.
Warning: Wire mgmt_core.\housekeeping.pll_div[1] is used but has no driver.
Warning: Wire mgmt_core.\housekeeping.pll_div[0] is used but has no driver.
Warning: Wire mgmt_core.\housekeeping.pll_dco_ena is used but has no driver.
found and reported 495 problems.
