
27. Printing statistics.

=== mgmt_core ===

   Number of wires:              34324
   Number of wire bits:          35057
   Number of public wires:        3633
   Number of public wire bits:    4366
   Number of memories:               0
   Number of memory bits:            0
   Number of processes:              0
   Number of cells:              34676
     DFFRAM                          1
     digital_pll                     1
     sky130_fd_sc_hd__a2111o_4      22
     sky130_fd_sc_hd__a211o_4     1752
     sky130_fd_sc_hd__a21bo_4       39
     sky130_fd_sc_hd__a21boi_4       1
     sky130_fd_sc_hd__a21o_4       142
     sky130_fd_sc_hd__a21oi_4      127
     sky130_fd_sc_hd__a22oi_4      103
     sky130_fd_sc_hd__a2bb2o_4    2128
     sky130_fd_sc_hd__a32o_4       678
     sky130_fd_sc_hd__a41o_4         4
     sky130_fd_sc_hd__and2_4      1445
     sky130_fd_sc_hd__and3_4      1929
     sky130_fd_sc_hd__and4_4       144
     sky130_fd_sc_hd__buf_2       8141
     sky130_fd_sc_hd__conb_1        10
     sky130_fd_sc_hd__dfbbn_2       18
     sky130_fd_sc_hd__dfrtp_4      268
     sky130_fd_sc_hd__dfstp_4       70
     sky130_fd_sc_hd__dfxtp_4     3510
     sky130_fd_sc_hd__inv_2       4077
     sky130_fd_sc_hd__nand2_4      292
     sky130_fd_sc_hd__nor2_4       997
     sky130_fd_sc_hd__o21a_4       895
     sky130_fd_sc_hd__o21ai_4      134
     sky130_fd_sc_hd__o22a_4      1815
     sky130_fd_sc_hd__o32a_4        58
     sky130_fd_sc_hd__o41a_4         4
     sky130_fd_sc_hd__or2_4       4428
     sky130_fd_sc_hd__or3_4        832
     sky130_fd_sc_hd__or4_4        611

   Area for cell type \DFFRAM is unknown!
   Area for cell type \digital_pll is unknown!

   Chip area for module '\mgmt_core': 399627.024000

