Startpoint: resetn (input port clocked by serial_clock)
Endpoint: _088_ (recovery check against rising-edge clock serial_clock)
Path Group: **async_default**
Path Type: max

  Delay    Time   Description
---------------------------------------------------------
   0.00    0.00   clock serial_clock (rise edge)
   0.00    0.00   clock network delay (ideal)
   2.00    2.00 ^ input external delay
   0.02    2.02 ^ resetn (in)
   0.17    2.19 ^ _039_/X (sky130_fd_sc_hd__or2_4)
   0.20    2.39 ^ _040_/X (sky130_fd_sc_hd__buf_2)
   0.21    2.60 ^ _058_/X (sky130_fd_sc_hd__buf_2)
   0.18    2.78 ^ _062_/X (sky130_fd_sc_hd__buf_2)
   0.00    2.78 ^ _088_/SET_B (sky130_fd_sc_hd__dfstp_4)
           2.78   data arrival time

  10.00   10.00   clock serial_clock (rise edge)
   0.00   10.00   clock network delay (ideal)
   0.00   10.00   clock reconvergence pessimism
          10.00 ^ _088_/CLK (sky130_fd_sc_hd__dfstp_4)
   0.25   10.25   library recovery time
          10.25   data required time
---------------------------------------------------------
          10.25   data required time
          -2.78   data arrival time
---------------------------------------------------------
           7.47   slack (MET)


Startpoint: resetn (input port clocked by serial_clock)
Endpoint: _079_ (rising clock gating-check end-point clocked by serial_clock)
Path Group: **clock_gating_default**
Path Type: max

  Delay    Time   Description
---------------------------------------------------------
   0.00    0.00   clock serial_clock (rise edge)
   0.00    0.00   clock network delay (ideal)
   2.00    2.00 ^ input external delay
   0.02    2.02 ^ resetn (in)
   0.04    2.06 v _078_/Y (sky130_fd_sc_hd__inv_2)
   0.00    2.06 v _079_/B (sky130_fd_sc_hd__and2_4)
           2.06   data arrival time

  10.00   10.00   clock serial_clock (rise edge)
   0.00   10.00   clock network delay (ideal)
   0.00   10.00   clock reconvergence pessimism
          10.00 ^ _079_/A (sky130_fd_sc_hd__and2_4)
   0.00   10.00   clock gating setup time
          10.00   data required time
---------------------------------------------------------
          10.00   data required time
          -2.06   data arrival time
---------------------------------------------------------
           7.94   slack (MET)


Startpoint: mgmt_gpio_oeb (input port clocked by serial_clock)
Endpoint: pad_gpio_out (output port clocked by serial_clock)
Path Group: serial_clock
Path Type: max

  Delay    Time   Description
---------------------------------------------------------
   0.00    0.00   clock serial_clock (rise edge)
   0.00    0.00   clock network delay (ideal)
   2.00    2.00 v input external delay
   0.01    2.01 v mgmt_gpio_oeb (in)
   0.26    2.27 v _073_/X (sky130_fd_sc_hd__and3_4)
   0.43    2.70 v _074_/X (sky130_fd_sc_hd__or2_4)
   0.58    3.28 v _076_/X (sky130_fd_sc_hd__a32o_4)
   0.00    3.28 v pad_gpio_out (out)
           3.28   data arrival time

  10.00   10.00   clock serial_clock (rise edge)
   0.00   10.00   clock network delay (ideal)
   0.00   10.00   clock reconvergence pessimism
  -2.00    8.00   output external delay
           8.00   data required time
---------------------------------------------------------
           8.00   data required time
          -3.28   data arrival time
---------------------------------------------------------
           4.72   slack (MET)


