
21. Executing CHECK pass (checking for obvious problems).
checking module caravel..
Warning: multiple conflicting drivers for caravel.\mgmt_io_in[9]:
    port mgmt_gpio_in[0] of cell gpio_control_in[9] (gpio_control_block)
    port mgmt_out_data[9] of cell soc (mgmt_core)
Warning: multiple conflicting drivers for caravel.\mgmt_io_in[8]:
    port mgmt_gpio_in[0] of cell gpio_control_in[8] (gpio_control_block)
    port mgmt_out_data[8] of cell soc (mgmt_core)
Warning: multiple conflicting drivers for caravel.\mgmt_io_in[7]:
    port mgmt_gpio_in[0] of cell gpio_control_in[7] (gpio_control_block)
    port mgmt_out_data[7] of cell soc (mgmt_core)
Warning: multiple conflicting drivers for caravel.\mgmt_io_in[6]:
    port mgmt_gpio_in[0] of cell gpio_control_in[6] (gpio_control_block)
    port mgmt_out_data[6] of cell soc (mgmt_core)
Warning: multiple conflicting drivers for caravel.\mgmt_io_in[5]:
    port mgmt_gpio_in[0] of cell gpio_control_in[5] (gpio_control_block)
    port mgmt_out_data[5] of cell soc (mgmt_core)
Warning: multiple conflicting drivers for caravel.\mgmt_io_in[4]:
    port mgmt_gpio_in[0] of cell gpio_control_in[4] (gpio_control_block)
    port mgmt_out_data[4] of cell soc (mgmt_core)
Warning: multiple conflicting drivers for caravel.\mgmt_io_in[3]:
    port mgmt_gpio_in[0] of cell gpio_control_in[3] (gpio_control_block)
    port mgmt_out_data[3] of cell soc (mgmt_core)
Warning: multiple conflicting drivers for caravel.\mgmt_io_in[37]:
    port mgmt_gpio_in[0] of cell gpio_control_in[37] (gpio_control_block)
    port mgmt_out_data[37] of cell soc (mgmt_core)
Warning: multiple conflicting drivers for caravel.\mgmt_io_in[36]:
    port mgmt_gpio_in[0] of cell gpio_control_in[36] (gpio_control_block)
    port mgmt_out_data[36] of cell soc (mgmt_core)
Warning: multiple conflicting drivers for caravel.\mgmt_io_in[35]:
    port mgmt_gpio_in[0] of cell gpio_control_in[35] (gpio_control_block)
    port mgmt_out_data[35] of cell soc (mgmt_core)
Warning: multiple conflicting drivers for caravel.\mgmt_io_in[34]:
    port mgmt_gpio_in[0] of cell gpio_control_in[34] (gpio_control_block)
    port mgmt_out_data[34] of cell soc (mgmt_core)
Warning: multiple conflicting drivers for caravel.\mgmt_io_in[33]:
    port mgmt_gpio_in[0] of cell gpio_control_in[33] (gpio_control_block)
    port mgmt_out_data[33] of cell soc (mgmt_core)
Warning: multiple conflicting drivers for caravel.\mgmt_io_in[32]:
    port mgmt_gpio_in[0] of cell gpio_control_in[32] (gpio_control_block)
    port mgmt_out_data[32] of cell soc (mgmt_core)
Warning: multiple conflicting drivers for caravel.\mgmt_io_in[31]:
    port mgmt_gpio_in[0] of cell gpio_control_in[31] (gpio_control_block)
    port mgmt_out_data[31] of cell soc (mgmt_core)
Warning: multiple conflicting drivers for caravel.\mgmt_io_in[30]:
    port mgmt_gpio_in[0] of cell gpio_control_in[30] (gpio_control_block)
    port mgmt_out_data[30] of cell soc (mgmt_core)
Warning: multiple conflicting drivers for caravel.\mgmt_io_in[2]:
    port mgmt_gpio_in[0] of cell gpio_control_in[2] (gpio_control_block)
    port mgmt_out_data[2] of cell soc (mgmt_core)
Warning: multiple conflicting drivers for caravel.\mgmt_io_in[29]:
    port mgmt_gpio_in[0] of cell gpio_control_in[29] (gpio_control_block)
    port mgmt_out_data[29] of cell soc (mgmt_core)
Warning: multiple conflicting drivers for caravel.\mgmt_io_in[28]:
    port mgmt_gpio_in[0] of cell gpio_control_in[28] (gpio_control_block)
    port mgmt_out_data[28] of cell soc (mgmt_core)
Warning: multiple conflicting drivers for caravel.\mgmt_io_in[27]:
    port mgmt_gpio_in[0] of cell gpio_control_in[27] (gpio_control_block)
    port mgmt_out_data[27] of cell soc (mgmt_core)
Warning: multiple conflicting drivers for caravel.\mgmt_io_in[26]:
    port mgmt_gpio_in[0] of cell gpio_control_in[26] (gpio_control_block)
    port mgmt_out_data[26] of cell soc (mgmt_core)
Warning: multiple conflicting drivers for caravel.\mgmt_io_in[25]:
    port mgmt_gpio_in[0] of cell gpio_control_in[25] (gpio_control_block)
    port mgmt_out_data[25] of cell soc (mgmt_core)
Warning: multiple conflicting drivers for caravel.\mgmt_io_in[24]:
    port mgmt_gpio_in[0] of cell gpio_control_in[24] (gpio_control_block)
    port mgmt_out_data[24] of cell soc (mgmt_core)
Warning: multiple conflicting drivers for caravel.\mgmt_io_in[23]:
    port mgmt_gpio_in[0] of cell gpio_control_in[23] (gpio_control_block)
    port mgmt_out_data[23] of cell soc (mgmt_core)
Warning: multiple conflicting drivers for caravel.\mgmt_io_in[22]:
    port mgmt_gpio_in[0] of cell gpio_control_in[22] (gpio_control_block)
    port mgmt_out_data[22] of cell soc (mgmt_core)
Warning: multiple conflicting drivers for caravel.\mgmt_io_in[21]:
    port mgmt_gpio_in[0] of cell gpio_control_in[21] (gpio_control_block)
    port mgmt_out_data[21] of cell soc (mgmt_core)
Warning: multiple conflicting drivers for caravel.\mgmt_io_in[20]:
    port mgmt_gpio_in[0] of cell gpio_control_in[20] (gpio_control_block)
    port mgmt_out_data[20] of cell soc (mgmt_core)
Warning: multiple conflicting drivers for caravel.\mgmt_io_in[19]:
    port mgmt_gpio_in[0] of cell gpio_control_in[19] (gpio_control_block)
    port mgmt_out_data[19] of cell soc (mgmt_core)
Warning: multiple conflicting drivers for caravel.\mgmt_io_in[18]:
    port mgmt_gpio_in[0] of cell gpio_control_in[18] (gpio_control_block)
    port mgmt_out_data[18] of cell soc (mgmt_core)
Warning: multiple conflicting drivers for caravel.\mgmt_io_in[17]:
    port mgmt_gpio_in[0] of cell gpio_control_in[17] (gpio_control_block)
    port mgmt_out_data[17] of cell soc (mgmt_core)
Warning: multiple conflicting drivers for caravel.\mgmt_io_in[16]:
    port mgmt_gpio_in[0] of cell gpio_control_in[16] (gpio_control_block)
    port mgmt_out_data[16] of cell soc (mgmt_core)
Warning: multiple conflicting drivers for caravel.\mgmt_io_in[15]:
    port mgmt_gpio_in[0] of cell gpio_control_in[15] (gpio_control_block)
    port mgmt_out_data[15] of cell soc (mgmt_core)
Warning: multiple conflicting drivers for caravel.\mgmt_io_in[14]:
    port mgmt_gpio_in[0] of cell gpio_control_in[14] (gpio_control_block)
    port mgmt_out_data[14] of cell soc (mgmt_core)
Warning: multiple conflicting drivers for caravel.\mgmt_io_in[13]:
    port mgmt_gpio_in[0] of cell gpio_control_in[13] (gpio_control_block)
    port mgmt_out_data[13] of cell soc (mgmt_core)
Warning: multiple conflicting drivers for caravel.\mgmt_io_in[12]:
    port mgmt_gpio_in[0] of cell gpio_control_in[12] (gpio_control_block)
    port mgmt_out_data[12] of cell soc (mgmt_core)
Warning: multiple conflicting drivers for caravel.\mgmt_io_in[11]:
    port mgmt_gpio_in[0] of cell gpio_control_in[11] (gpio_control_block)
    port mgmt_out_data[11] of cell soc (mgmt_core)
Warning: multiple conflicting drivers for caravel.\mgmt_io_in[10]:
    port mgmt_gpio_in[0] of cell gpio_control_in[10] (gpio_control_block)
    port mgmt_out_data[10] of cell soc (mgmt_core)
found and reported 36 problems.
