Warning - class CORE ANTENNACELL is not found. This msg can be ignored if not in the antenna-avoid flow

Net - mask_rev[0]
  No sinks on this net

Net - mask_rev[10]
  No sinks on this net

Net - mask_rev[11]
  No sinks on this net

Net - mask_rev[12]
  No sinks on this net

Net - mask_rev[13]
  No sinks on this net

Net - mask_rev[14]
  No sinks on this net

Net - mask_rev[15]
  No sinks on this net

Net - mask_rev[16]
  No sinks on this net

Net - mask_rev[17]
  No sinks on this net

Net - mask_rev[18]
  No sinks on this net

Net - mask_rev[19]
  No sinks on this net

Net - mask_rev[1]
  No sinks on this net

Net - mask_rev[20]
  No sinks on this net

Net - mask_rev[21]
  No sinks on this net

Net - mask_rev[22]
  No sinks on this net

Net - mask_rev[23]
  No sinks on this net

Net - mask_rev[24]
  No sinks on this net

Net - mask_rev[25]
  No sinks on this net

Net - mask_rev[26]
  No sinks on this net

Net - mask_rev[27]
  No sinks on this net

Net - mask_rev[28]
  No sinks on this net

Net - mask_rev[29]
  No sinks on this net

Net - mask_rev[2]
  No sinks on this net

Net - mask_rev[30]
  No sinks on this net

Net - mask_rev[31]
  No sinks on this net

Net - mask_rev[3]
  No sinks on this net

Net - mask_rev[4]
  No sinks on this net

Net - mask_rev[5]
  No sinks on this net

Net - mask_rev[6]
  No sinks on this net

Net - mask_rev[7]
  No sinks on this net

Net - mask_rev[8]
  No sinks on this net

Net - mask_rev[9]
  No sinks on this net

Net - user_proj_id_high\[0\]

Net - user_proj_id_high\[10\]

Net - user_proj_id_high\[11\]

Net - user_proj_id_high\[12\]

Net - user_proj_id_high\[13\]

Net - user_proj_id_high\[14\]

Net - user_proj_id_high\[15\]

Net - user_proj_id_high\[16\]

Net - user_proj_id_high\[17\]

Net - user_proj_id_high\[18\]

Net - user_proj_id_high\[19\]

Net - user_proj_id_high\[1\]

Net - user_proj_id_high\[20\]

Net - user_proj_id_high\[21\]

Net - user_proj_id_high\[22\]

Net - user_proj_id_high\[23\]

Net - user_proj_id_high\[24\]

Net - user_proj_id_high\[25\]

Net - user_proj_id_high\[26\]

Net - user_proj_id_high\[27\]

Net - user_proj_id_high\[28\]

Net - user_proj_id_high\[29\]

Net - user_proj_id_high\[2\]

Net - user_proj_id_high\[30\]

Net - user_proj_id_high\[31\]

Net - user_proj_id_high\[3\]

Net - user_proj_id_high\[4\]

Net - user_proj_id_high\[5\]

Net - user_proj_id_high\[6\]

Net - user_proj_id_high\[7\]

Net - user_proj_id_high\[8\]

Net - user_proj_id_high\[9\]
Number of pins violated: 0
Number of nets violated: 0
Total number of unspecial nets: 64
