Startpoint: _63413_ (rising edge-triggered flip-flop clocked by clock)
Endpoint: _63463_ (removal check against rising-edge clock clock)
Path Group: **async_default**
Path Type: min

  Delay    Time   Description
---------------------------------------------------------
   0.00    0.00   clock clock (rise edge)
   0.00    0.00   clock network delay (ideal)
   0.00    0.00 ^ _63413_/CLK (sky130_fd_sc_hd__dfstp_4)
   0.27    0.27 v _63413_/Q (sky130_fd_sc_hd__dfstp_4)
   0.29    0.57 v _58002_/X (sky130_fd_sc_hd__or4_4)
   0.22    0.79 ^ _58003_/Y (sky130_fd_sc_hd__inv_2)
   0.16    0.95 ^ _58004_/X (sky130_fd_sc_hd__buf_2)
   0.17    1.12 ^ _58005_/X (sky130_fd_sc_hd__buf_2)
   0.12    1.24 ^ _58006_/X (sky130_fd_sc_hd__buf_2)
   0.19    1.43 ^ _58007_/X (sky130_fd_sc_hd__buf_2)
   0.17    1.60 ^ _58008_/X (sky130_fd_sc_hd__buf_2)
   2.13    3.73 ^ _58009_/X (sky130_fd_sc_hd__buf_2)
   0.00    3.73 ^ _63463_/RESET_B (sky130_fd_sc_hd__dfrtp_4)
           3.73   data arrival time

   0.00    0.00   clock clock (rise edge)
   0.00    0.00   clock network delay (ideal)
   0.00    0.00   clock reconvergence pessimism
           0.00 ^ _63463_/CLK (sky130_fd_sc_hd__dfrtp_4)
   0.88    0.88   library removal time
           0.88   data required time
---------------------------------------------------------
           0.88   data required time
          -3.73   data arrival time
---------------------------------------------------------
           2.85   slack (MET)


Startpoint: _64761_ (rising edge-triggered flip-flop clocked by clock)
Endpoint: _61607_ (rising edge-triggered flip-flop clocked by clock)
Path Group: clock
Path Type: min

  Delay    Time   Description
---------------------------------------------------------
   0.00    0.00   clock clock (rise edge)
   0.00    0.00   clock network delay (ideal)
   0.00    0.00 ^ _64761_/CLK (sky130_fd_sc_hd__dfxtp_4)
   0.20    0.20 ^ _64761_/Q (sky130_fd_sc_hd__dfxtp_4)
   0.00    0.20 ^ _61607_/D (sky130_fd_sc_hd__dfxtp_4)
           0.20   data arrival time

   0.00    0.00   clock clock (rise edge)
   0.00    0.00   clock network delay (ideal)
   0.00    0.00   clock reconvergence pessimism
           0.00 ^ _61607_/CLK (sky130_fd_sc_hd__dfxtp_4)
  -0.02   -0.02   library hold time
          -0.02   data required time
---------------------------------------------------------
          -0.02   data required time
          -0.20   data arrival time
---------------------------------------------------------
           0.22   slack (MET)


Startpoint: _63413_ (rising edge-triggered flip-flop clocked by clock)
Endpoint: _63463_ (recovery check against rising-edge clock clock)
Path Group: **async_default**
Path Type: max

  Delay    Time   Description
---------------------------------------------------------
   0.00    0.00   clock clock (rise edge)
   0.00    0.00   clock network delay (ideal)
   0.00    0.00 ^ _63413_/CLK (sky130_fd_sc_hd__dfstp_4)
   0.90    0.90 v _63413_/Q (sky130_fd_sc_hd__dfstp_4)
   0.99    1.89 v _58002_/X (sky130_fd_sc_hd__or4_4)
   0.52    2.41 ^ _58003_/Y (sky130_fd_sc_hd__inv_2)
   0.50    2.91 ^ _58004_/X (sky130_fd_sc_hd__buf_2)
   0.45    3.36 ^ _58005_/X (sky130_fd_sc_hd__buf_2)
   0.35    3.71 ^ _58006_/X (sky130_fd_sc_hd__buf_2)
   0.47    4.18 ^ _58007_/X (sky130_fd_sc_hd__buf_2)
   0.48    4.66 ^ _58008_/X (sky130_fd_sc_hd__buf_2)
   4.25    8.91 ^ _58009_/X (sky130_fd_sc_hd__buf_2)
   0.00    8.91 ^ _63463_/RESET_B (sky130_fd_sc_hd__dfrtp_4)
           8.91   data arrival time

  50.00   50.00   clock clock (rise edge)
   0.00   50.00   clock network delay (ideal)
   0.00   50.00   clock reconvergence pessimism
          50.00 ^ _63463_/CLK (sky130_fd_sc_hd__dfrtp_4)
  -2.39   47.61   library recovery time
          47.61   data required time
---------------------------------------------------------
          47.61   data required time
          -8.91   data arrival time
---------------------------------------------------------
          38.70   slack (MET)


Startpoint: clock (clock source 'clock')
Endpoint: mgmt_out_data[14] (output port clocked by clock)
Path Group: clock
Path Type: max

  Delay    Time   Description
---------------------------------------------------------
  25.00   25.00   clock clock (fall edge)
  13.06   38.06   clock network delay
          38.06 v mgmt_out_data[14] (out)
          38.06   data arrival time

  50.00   50.00   clock clock (rise edge)
   0.00   50.00   clock network delay (ideal)
   0.00   50.00   clock reconvergence pessimism
 -10.00   40.00   output external delay
          40.00   data required time
---------------------------------------------------------
          40.00   data required time
         -38.06   data arrival time
---------------------------------------------------------
           1.94   slack (MET)


