
10. Executing CHECK pass (checking for obvious problems).
checking module BYTE..
checking module DEC2x4..
checking module DEC3x8..
checking module DEC6x64..
checking module DFFRAM..
checking module DFFRAM_COL4..
checking module MUX4x1_32..
checking module PASS..
checking module SRAM64x32..
Warning: multiple conflicting drivers for SRAM64x32.\Do_pre[9]:
    port Z[0] of cell FLOATBUF[9] (sky130_fd_sc_hd__ebufn_4)
    port Do[9] of cell WORD[0].W (WORD32)
    port Do[9] of cell WORD[10].W (WORD32)
    port Do[9] of cell WORD[11].W (WORD32)
    port Do[9] of cell WORD[12].W (WORD32)
    port Do[9] of cell WORD[13].W (WORD32)
    port Do[9] of cell WORD[14].W (WORD32)
    port Do[9] of cell WORD[15].W (WORD32)
    port Do[9] of cell WORD[16].W (WORD32)
    port Do[9] of cell WORD[17].W (WORD32)
    port Do[9] of cell WORD[18].W (WORD32)
    port Do[9] of cell WORD[19].W (WORD32)
    port Do[9] of cell WORD[1].W (WORD32)
    port Do[9] of cell WORD[20].W (WORD32)
    port Do[9] of cell WORD[21].W (WORD32)
    port Do[9] of cell WORD[22].W (WORD32)
    port Do[9] of cell WORD[23].W (WORD32)
    port Do[9] of cell WORD[24].W (WORD32)
    port Do[9] of cell WORD[25].W (WORD32)
    port Do[9] of cell WORD[26].W (WORD32)
    port Do[9] of cell WORD[27].W (WORD32)
    port Do[9] of cell WORD[28].W (WORD32)
    port Do[9] of cell WORD[29].W (WORD32)
    port Do[9] of cell WORD[2].W (WORD32)
    port Do[9] of cell WORD[30].W (WORD32)
    port Do[9] of cell WORD[31].W (WORD32)
    port Do[9] of cell WORD[32].W (WORD32)
    port Do[9] of cell WORD[33].W (WORD32)
    port Do[9] of cell WORD[34].W (WORD32)
    port Do[9] of cell WORD[35].W (WORD32)
    port Do[9] of cell WORD[36].W (WORD32)
    port Do[9] of cell WORD[37].W (WORD32)
    port Do[9] of cell WORD[38].W (WORD32)
    port Do[9] of cell WORD[39].W (WORD32)
    port Do[9] of cell WORD[3].W (WORD32)
    port Do[9] of cell WORD[40].W (WORD32)
    port Do[9] of cell WORD[41].W (WORD32)
    port Do[9] of cell WORD[42].W (WORD32)
    port Do[9] of cell WORD[43].W (WORD32)
    port Do[9] of cell WORD[44].W (WORD32)
    port Do[9] of cell WORD[45].W (WORD32)
    port Do[9] of cell WORD[46].W (WORD32)
    port Do[9] of cell WORD[47].W (WORD32)
    port Do[9] of cell WORD[48].W (WORD32)
    port Do[9] of cell WORD[49].W (WORD32)
    port Do[9] of cell WORD[4].W (WORD32)
    port Do[9] of cell WORD[50].W (WORD32)
    port Do[9] of cell WORD[51].W (WORD32)
    port Do[9] of cell WORD[52].W (WORD32)
    port Do[9] of cell WORD[53].W (WORD32)
    port Do[9] of cell WORD[54].W (WORD32)
    port Do[9] of cell WORD[55].W (WORD32)
    port Do[9] of cell WORD[56].W (WORD32)
    port Do[9] of cell WORD[57].W (WORD32)
    port Do[9] of cell WORD[58].W (WORD32)
    port Do[9] of cell WORD[59].W (WORD32)
    port Do[9] of cell WORD[5].W (WORD32)
    port Do[9] of cell WORD[60].W (WORD32)
    port Do[9] of cell WORD[61].W (WORD32)
    port Do[9] of cell WORD[62].W (WORD32)
    port Do[9] of cell WORD[63].W (WORD32)
    port Do[9] of cell WORD[6].W (WORD32)
    port Do[9] of cell WORD[7].W (WORD32)
    port Do[9] of cell WORD[8].W (WORD32)
    port Do[9] of cell WORD[9].W (WORD32)
Warning: multiple conflicting drivers for SRAM64x32.\Do_pre[8]:
    port Z[0] of cell FLOATBUF[8] (sky130_fd_sc_hd__ebufn_4)
    port Do[8] of cell WORD[0].W (WORD32)
    port Do[8] of cell WORD[10].W (WORD32)
    port Do[8] of cell WORD[11].W (WORD32)
    port Do[8] of cell WORD[12].W (WORD32)
    port Do[8] of cell WORD[13].W (WORD32)
    port Do[8] of cell WORD[14].W (WORD32)
    port Do[8] of cell WORD[15].W (WORD32)
    port Do[8] of cell WORD[16].W (WORD32)
    port Do[8] of cell WORD[17].W (WORD32)
    port Do[8] of cell WORD[18].W (WORD32)
    port Do[8] of cell WORD[19].W (WORD32)
    port Do[8] of cell WORD[1].W (WORD32)
    port Do[8] of cell WORD[20].W (WORD32)
    port Do[8] of cell WORD[21].W (WORD32)
    port Do[8] of cell WORD[22].W (WORD32)
    port Do[8] of cell WORD[23].W (WORD32)
    port Do[8] of cell WORD[24].W (WORD32)
    port Do[8] of cell WORD[25].W (WORD32)
    port Do[8] of cell WORD[26].W (WORD32)
    port Do[8] of cell WORD[27].W (WORD32)
    port Do[8] of cell WORD[28].W (WORD32)
    port Do[8] of cell WORD[29].W (WORD32)
    port Do[8] of cell WORD[2].W (WORD32)
    port Do[8] of cell WORD[30].W (WORD32)
    port Do[8] of cell WORD[31].W (WORD32)
    port Do[8] of cell WORD[32].W (WORD32)
    port Do[8] of cell WORD[33].W (WORD32)
    port Do[8] of cell WORD[34].W (WORD32)
    port Do[8] of cell WORD[35].W (WORD32)
    port Do[8] of cell WORD[36].W (WORD32)
    port Do[8] of cell WORD[37].W (WORD32)
    port Do[8] of cell WORD[38].W (WORD32)
    port Do[8] of cell WORD[39].W (WORD32)
    port Do[8] of cell WORD[3].W (WORD32)
    port Do[8] of cell WORD[40].W (WORD32)
    port Do[8] of cell WORD[41].W (WORD32)
    port Do[8] of cell WORD[42].W (WORD32)
    port Do[8] of cell WORD[43].W (WORD32)
    port Do[8] of cell WORD[44].W (WORD32)
    port Do[8] of cell WORD[45].W (WORD32)
    port Do[8] of cell WORD[46].W (WORD32)
    port Do[8] of cell WORD[47].W (WORD32)
    port Do[8] of cell WORD[48].W (WORD32)
    port Do[8] of cell WORD[49].W (WORD32)
    port Do[8] of cell WORD[4].W (WORD32)
    port Do[8] of cell WORD[50].W (WORD32)
    port Do[8] of cell WORD[51].W (WORD32)
    port Do[8] of cell WORD[52].W (WORD32)
    port Do[8] of cell WORD[53].W (WORD32)
    port Do[8] of cell WORD[54].W (WORD32)
    port Do[8] of cell WORD[55].W (WORD32)
    port Do[8] of cell WORD[56].W (WORD32)
    port Do[8] of cell WORD[57].W (WORD32)
    port Do[8] of cell WORD[58].W (WORD32)
    port Do[8] of cell WORD[59].W (WORD32)
    port Do[8] of cell WORD[5].W (WORD32)
    port Do[8] of cell WORD[60].W (WORD32)
    port Do[8] of cell WORD[61].W (WORD32)
    port Do[8] of cell WORD[62].W (WORD32)
    port Do[8] of cell WORD[63].W (WORD32)
    port Do[8] of cell WORD[6].W (WORD32)
    port Do[8] of cell WORD[7].W (WORD32)
    port Do[8] of cell WORD[8].W (WORD32)
    port Do[8] of cell WORD[9].W (WORD32)
Warning: multiple conflicting drivers for SRAM64x32.\Do_pre[7]:
    port Z[0] of cell FLOATBUF[7] (sky130_fd_sc_hd__ebufn_4)
    port Do[7] of cell WORD[0].W (WORD32)
    port Do[7] of cell WORD[10].W (WORD32)
    port Do[7] of cell WORD[11].W (WORD32)
    port Do[7] of cell WORD[12].W (WORD32)
    port Do[7] of cell WORD[13].W (WORD32)
    port Do[7] of cell WORD[14].W (WORD32)
    port Do[7] of cell WORD[15].W (WORD32)
    port Do[7] of cell WORD[16].W (WORD32)
    port Do[7] of cell WORD[17].W (WORD32)
    port Do[7] of cell WORD[18].W (WORD32)
    port Do[7] of cell WORD[19].W (WORD32)
    port Do[7] of cell WORD[1].W (WORD32)
    port Do[7] of cell WORD[20].W (WORD32)
    port Do[7] of cell WORD[21].W (WORD32)
    port Do[7] of cell WORD[22].W (WORD32)
    port Do[7] of cell WORD[23].W (WORD32)
    port Do[7] of cell WORD[24].W (WORD32)
    port Do[7] of cell WORD[25].W (WORD32)
    port Do[7] of cell WORD[26].W (WORD32)
    port Do[7] of cell WORD[27].W (WORD32)
    port Do[7] of cell WORD[28].W (WORD32)
    port Do[7] of cell WORD[29].W (WORD32)
    port Do[7] of cell WORD[2].W (WORD32)
    port Do[7] of cell WORD[30].W (WORD32)
    port Do[7] of cell WORD[31].W (WORD32)
    port Do[7] of cell WORD[32].W (WORD32)
    port Do[7] of cell WORD[33].W (WORD32)
    port Do[7] of cell WORD[34].W (WORD32)
    port Do[7] of cell WORD[35].W (WORD32)
    port Do[7] of cell WORD[36].W (WORD32)
    port Do[7] of cell WORD[37].W (WORD32)
    port Do[7] of cell WORD[38].W (WORD32)
    port Do[7] of cell WORD[39].W (WORD32)
    port Do[7] of cell WORD[3].W (WORD32)
    port Do[7] of cell WORD[40].W (WORD32)
    port Do[7] of cell WORD[41].W (WORD32)
    port Do[7] of cell WORD[42].W (WORD32)
    port Do[7] of cell WORD[43].W (WORD32)
    port Do[7] of cell WORD[44].W (WORD32)
    port Do[7] of cell WORD[45].W (WORD32)
    port Do[7] of cell WORD[46].W (WORD32)
    port Do[7] of cell WORD[47].W (WORD32)
    port Do[7] of cell WORD[48].W (WORD32)
    port Do[7] of cell WORD[49].W (WORD32)
    port Do[7] of cell WORD[4].W (WORD32)
    port Do[7] of cell WORD[50].W (WORD32)
    port Do[7] of cell WORD[51].W (WORD32)
    port Do[7] of cell WORD[52].W (WORD32)
    port Do[7] of cell WORD[53].W (WORD32)
    port Do[7] of cell WORD[54].W (WORD32)
    port Do[7] of cell WORD[55].W (WORD32)
    port Do[7] of cell WORD[56].W (WORD32)
    port Do[7] of cell WORD[57].W (WORD32)
    port Do[7] of cell WORD[58].W (WORD32)
    port Do[7] of cell WORD[59].W (WORD32)
    port Do[7] of cell WORD[5].W (WORD32)
    port Do[7] of cell WORD[60].W (WORD32)
    port Do[7] of cell WORD[61].W (WORD32)
    port Do[7] of cell WORD[62].W (WORD32)
    port Do[7] of cell WORD[63].W (WORD32)
    port Do[7] of cell WORD[6].W (WORD32)
    port Do[7] of cell WORD[7].W (WORD32)
    port Do[7] of cell WORD[8].W (WORD32)
    port Do[7] of cell WORD[9].W (WORD32)
Warning: multiple conflicting drivers for SRAM64x32.\Do_pre[6]:
    port Z[0] of cell FLOATBUF[6] (sky130_fd_sc_hd__ebufn_4)
    port Do[6] of cell WORD[0].W (WORD32)
    port Do[6] of cell WORD[10].W (WORD32)
    port Do[6] of cell WORD[11].W (WORD32)
    port Do[6] of cell WORD[12].W (WORD32)
    port Do[6] of cell WORD[13].W (WORD32)
    port Do[6] of cell WORD[14].W (WORD32)
    port Do[6] of cell WORD[15].W (WORD32)
    port Do[6] of cell WORD[16].W (WORD32)
    port Do[6] of cell WORD[17].W (WORD32)
    port Do[6] of cell WORD[18].W (WORD32)
    port Do[6] of cell WORD[19].W (WORD32)
    port Do[6] of cell WORD[1].W (WORD32)
    port Do[6] of cell WORD[20].W (WORD32)
    port Do[6] of cell WORD[21].W (WORD32)
    port Do[6] of cell WORD[22].W (WORD32)
    port Do[6] of cell WORD[23].W (WORD32)
    port Do[6] of cell WORD[24].W (WORD32)
    port Do[6] of cell WORD[25].W (WORD32)
    port Do[6] of cell WORD[26].W (WORD32)
    port Do[6] of cell WORD[27].W (WORD32)
    port Do[6] of cell WORD[28].W (WORD32)
    port Do[6] of cell WORD[29].W (WORD32)
    port Do[6] of cell WORD[2].W (WORD32)
    port Do[6] of cell WORD[30].W (WORD32)
    port Do[6] of cell WORD[31].W (WORD32)
    port Do[6] of cell WORD[32].W (WORD32)
    port Do[6] of cell WORD[33].W (WORD32)
    port Do[6] of cell WORD[34].W (WORD32)
    port Do[6] of cell WORD[35].W (WORD32)
    port Do[6] of cell WORD[36].W (WORD32)
    port Do[6] of cell WORD[37].W (WORD32)
    port Do[6] of cell WORD[38].W (WORD32)
    port Do[6] of cell WORD[39].W (WORD32)
    port Do[6] of cell WORD[3].W (WORD32)
    port Do[6] of cell WORD[40].W (WORD32)
    port Do[6] of cell WORD[41].W (WORD32)
    port Do[6] of cell WORD[42].W (WORD32)
    port Do[6] of cell WORD[43].W (WORD32)
    port Do[6] of cell WORD[44].W (WORD32)
    port Do[6] of cell WORD[45].W (WORD32)
    port Do[6] of cell WORD[46].W (WORD32)
    port Do[6] of cell WORD[47].W (WORD32)
    port Do[6] of cell WORD[48].W (WORD32)
    port Do[6] of cell WORD[49].W (WORD32)
    port Do[6] of cell WORD[4].W (WORD32)
    port Do[6] of cell WORD[50].W (WORD32)
    port Do[6] of cell WORD[51].W (WORD32)
    port Do[6] of cell WORD[52].W (WORD32)
    port Do[6] of cell WORD[53].W (WORD32)
    port Do[6] of cell WORD[54].W (WORD32)
    port Do[6] of cell WORD[55].W (WORD32)
    port Do[6] of cell WORD[56].W (WORD32)
    port Do[6] of cell WORD[57].W (WORD32)
    port Do[6] of cell WORD[58].W (WORD32)
    port Do[6] of cell WORD[59].W (WORD32)
    port Do[6] of cell WORD[5].W (WORD32)
    port Do[6] of cell WORD[60].W (WORD32)
    port Do[6] of cell WORD[61].W (WORD32)
    port Do[6] of cell WORD[62].W (WORD32)
    port Do[6] of cell WORD[63].W (WORD32)
    port Do[6] of cell WORD[6].W (WORD32)
    port Do[6] of cell WORD[7].W (WORD32)
    port Do[6] of cell WORD[8].W (WORD32)
    port Do[6] of cell WORD[9].W (WORD32)
Warning: multiple conflicting drivers for SRAM64x32.\Do_pre[5]:
    port Z[0] of cell FLOATBUF[5] (sky130_fd_sc_hd__ebufn_4)
    port Do[5] of cell WORD[0].W (WORD32)
    port Do[5] of cell WORD[10].W (WORD32)
    port Do[5] of cell WORD[11].W (WORD32)
    port Do[5] of cell WORD[12].W (WORD32)
    port Do[5] of cell WORD[13].W (WORD32)
    port Do[5] of cell WORD[14].W (WORD32)
    port Do[5] of cell WORD[15].W (WORD32)
    port Do[5] of cell WORD[16].W (WORD32)
    port Do[5] of cell WORD[17].W (WORD32)
    port Do[5] of cell WORD[18].W (WORD32)
    port Do[5] of cell WORD[19].W (WORD32)
    port Do[5] of cell WORD[1].W (WORD32)
    port Do[5] of cell WORD[20].W (WORD32)
    port Do[5] of cell WORD[21].W (WORD32)
    port Do[5] of cell WORD[22].W (WORD32)
    port Do[5] of cell WORD[23].W (WORD32)
    port Do[5] of cell WORD[24].W (WORD32)
    port Do[5] of cell WORD[25].W (WORD32)
    port Do[5] of cell WORD[26].W (WORD32)
    port Do[5] of cell WORD[27].W (WORD32)
    port Do[5] of cell WORD[28].W (WORD32)
    port Do[5] of cell WORD[29].W (WORD32)
    port Do[5] of cell WORD[2].W (WORD32)
    port Do[5] of cell WORD[30].W (WORD32)
    port Do[5] of cell WORD[31].W (WORD32)
    port Do[5] of cell WORD[32].W (WORD32)
    port Do[5] of cell WORD[33].W (WORD32)
    port Do[5] of cell WORD[34].W (WORD32)
    port Do[5] of cell WORD[35].W (WORD32)
    port Do[5] of cell WORD[36].W (WORD32)
    port Do[5] of cell WORD[37].W (WORD32)
    port Do[5] of cell WORD[38].W (WORD32)
    port Do[5] of cell WORD[39].W (WORD32)
    port Do[5] of cell WORD[3].W (WORD32)
    port Do[5] of cell WORD[40].W (WORD32)
    port Do[5] of cell WORD[41].W (WORD32)
    port Do[5] of cell WORD[42].W (WORD32)
    port Do[5] of cell WORD[43].W (WORD32)
    port Do[5] of cell WORD[44].W (WORD32)
    port Do[5] of cell WORD[45].W (WORD32)
    port Do[5] of cell WORD[46].W (WORD32)
    port Do[5] of cell WORD[47].W (WORD32)
    port Do[5] of cell WORD[48].W (WORD32)
    port Do[5] of cell WORD[49].W (WORD32)
    port Do[5] of cell WORD[4].W (WORD32)
    port Do[5] of cell WORD[50].W (WORD32)
    port Do[5] of cell WORD[51].W (WORD32)
    port Do[5] of cell WORD[52].W (WORD32)
    port Do[5] of cell WORD[53].W (WORD32)
    port Do[5] of cell WORD[54].W (WORD32)
    port Do[5] of cell WORD[55].W (WORD32)
    port Do[5] of cell WORD[56].W (WORD32)
    port Do[5] of cell WORD[57].W (WORD32)
    port Do[5] of cell WORD[58].W (WORD32)
    port Do[5] of cell WORD[59].W (WORD32)
    port Do[5] of cell WORD[5].W (WORD32)
    port Do[5] of cell WORD[60].W (WORD32)
    port Do[5] of cell WORD[61].W (WORD32)
    port Do[5] of cell WORD[62].W (WORD32)
    port Do[5] of cell WORD[63].W (WORD32)
    port Do[5] of cell WORD[6].W (WORD32)
    port Do[5] of cell WORD[7].W (WORD32)
    port Do[5] of cell WORD[8].W (WORD32)
    port Do[5] of cell WORD[9].W (WORD32)
Warning: multiple conflicting drivers for SRAM64x32.\Do_pre[4]:
    port Z[0] of cell FLOATBUF[4] (sky130_fd_sc_hd__ebufn_4)
    port Do[4] of cell WORD[0].W (WORD32)
    port Do[4] of cell WORD[10].W (WORD32)
    port Do[4] of cell WORD[11].W (WORD32)
    port Do[4] of cell WORD[12].W (WORD32)
    port Do[4] of cell WORD[13].W (WORD32)
    port Do[4] of cell WORD[14].W (WORD32)
    port Do[4] of cell WORD[15].W (WORD32)
    port Do[4] of cell WORD[16].W (WORD32)
    port Do[4] of cell WORD[17].W (WORD32)
    port Do[4] of cell WORD[18].W (WORD32)
    port Do[4] of cell WORD[19].W (WORD32)
    port Do[4] of cell WORD[1].W (WORD32)
    port Do[4] of cell WORD[20].W (WORD32)
    port Do[4] of cell WORD[21].W (WORD32)
    port Do[4] of cell WORD[22].W (WORD32)
    port Do[4] of cell WORD[23].W (WORD32)
    port Do[4] of cell WORD[24].W (WORD32)
    port Do[4] of cell WORD[25].W (WORD32)
    port Do[4] of cell WORD[26].W (WORD32)
    port Do[4] of cell WORD[27].W (WORD32)
    port Do[4] of cell WORD[28].W (WORD32)
    port Do[4] of cell WORD[29].W (WORD32)
    port Do[4] of cell WORD[2].W (WORD32)
    port Do[4] of cell WORD[30].W (WORD32)
    port Do[4] of cell WORD[31].W (WORD32)
    port Do[4] of cell WORD[32].W (WORD32)
    port Do[4] of cell WORD[33].W (WORD32)
    port Do[4] of cell WORD[34].W (WORD32)
    port Do[4] of cell WORD[35].W (WORD32)
    port Do[4] of cell WORD[36].W (WORD32)
    port Do[4] of cell WORD[37].W (WORD32)
    port Do[4] of cell WORD[38].W (WORD32)
    port Do[4] of cell WORD[39].W (WORD32)
    port Do[4] of cell WORD[3].W (WORD32)
    port Do[4] of cell WORD[40].W (WORD32)
    port Do[4] of cell WORD[41].W (WORD32)
    port Do[4] of cell WORD[42].W (WORD32)
    port Do[4] of cell WORD[43].W (WORD32)
    port Do[4] of cell WORD[44].W (WORD32)
    port Do[4] of cell WORD[45].W (WORD32)
    port Do[4] of cell WORD[46].W (WORD32)
    port Do[4] of cell WORD[47].W (WORD32)
    port Do[4] of cell WORD[48].W (WORD32)
    port Do[4] of cell WORD[49].W (WORD32)
    port Do[4] of cell WORD[4].W (WORD32)
    port Do[4] of cell WORD[50].W (WORD32)
    port Do[4] of cell WORD[51].W (WORD32)
    port Do[4] of cell WORD[52].W (WORD32)
    port Do[4] of cell WORD[53].W (WORD32)
    port Do[4] of cell WORD[54].W (WORD32)
    port Do[4] of cell WORD[55].W (WORD32)
    port Do[4] of cell WORD[56].W (WORD32)
    port Do[4] of cell WORD[57].W (WORD32)
    port Do[4] of cell WORD[58].W (WORD32)
    port Do[4] of cell WORD[59].W (WORD32)
    port Do[4] of cell WORD[5].W (WORD32)
    port Do[4] of cell WORD[60].W (WORD32)
    port Do[4] of cell WORD[61].W (WORD32)
    port Do[4] of cell WORD[62].W (WORD32)
    port Do[4] of cell WORD[63].W (WORD32)
    port Do[4] of cell WORD[6].W (WORD32)
    port Do[4] of cell WORD[7].W (WORD32)
    port Do[4] of cell WORD[8].W (WORD32)
    port Do[4] of cell WORD[9].W (WORD32)
Warning: multiple conflicting drivers for SRAM64x32.\Do_pre[3]:
    port Z[0] of cell FLOATBUF[3] (sky130_fd_sc_hd__ebufn_4)
    port Do[3] of cell WORD[0].W (WORD32)
    port Do[3] of cell WORD[10].W (WORD32)
    port Do[3] of cell WORD[11].W (WORD32)
    port Do[3] of cell WORD[12].W (WORD32)
    port Do[3] of cell WORD[13].W (WORD32)
    port Do[3] of cell WORD[14].W (WORD32)
    port Do[3] of cell WORD[15].W (WORD32)
    port Do[3] of cell WORD[16].W (WORD32)
    port Do[3] of cell WORD[17].W (WORD32)
    port Do[3] of cell WORD[18].W (WORD32)
    port Do[3] of cell WORD[19].W (WORD32)
    port Do[3] of cell WORD[1].W (WORD32)
    port Do[3] of cell WORD[20].W (WORD32)
    port Do[3] of cell WORD[21].W (WORD32)
    port Do[3] of cell WORD[22].W (WORD32)
    port Do[3] of cell WORD[23].W (WORD32)
    port Do[3] of cell WORD[24].W (WORD32)
    port Do[3] of cell WORD[25].W (WORD32)
    port Do[3] of cell WORD[26].W (WORD32)
    port Do[3] of cell WORD[27].W (WORD32)
    port Do[3] of cell WORD[28].W (WORD32)
    port Do[3] of cell WORD[29].W (WORD32)
    port Do[3] of cell WORD[2].W (WORD32)
    port Do[3] of cell WORD[30].W (WORD32)
    port Do[3] of cell WORD[31].W (WORD32)
    port Do[3] of cell WORD[32].W (WORD32)
    port Do[3] of cell WORD[33].W (WORD32)
    port Do[3] of cell WORD[34].W (WORD32)
    port Do[3] of cell WORD[35].W (WORD32)
    port Do[3] of cell WORD[36].W (WORD32)
    port Do[3] of cell WORD[37].W (WORD32)
    port Do[3] of cell WORD[38].W (WORD32)
    port Do[3] of cell WORD[39].W (WORD32)
    port Do[3] of cell WORD[3].W (WORD32)
    port Do[3] of cell WORD[40].W (WORD32)
    port Do[3] of cell WORD[41].W (WORD32)
    port Do[3] of cell WORD[42].W (WORD32)
    port Do[3] of cell WORD[43].W (WORD32)
    port Do[3] of cell WORD[44].W (WORD32)
    port Do[3] of cell WORD[45].W (WORD32)
    port Do[3] of cell WORD[46].W (WORD32)
    port Do[3] of cell WORD[47].W (WORD32)
    port Do[3] of cell WORD[48].W (WORD32)
    port Do[3] of cell WORD[49].W (WORD32)
    port Do[3] of cell WORD[4].W (WORD32)
    port Do[3] of cell WORD[50].W (WORD32)
    port Do[3] of cell WORD[51].W (WORD32)
    port Do[3] of cell WORD[52].W (WORD32)
    port Do[3] of cell WORD[53].W (WORD32)
    port Do[3] of cell WORD[54].W (WORD32)
    port Do[3] of cell WORD[55].W (WORD32)
    port Do[3] of cell WORD[56].W (WORD32)
    port Do[3] of cell WORD[57].W (WORD32)
    port Do[3] of cell WORD[58].W (WORD32)
    port Do[3] of cell WORD[59].W (WORD32)
    port Do[3] of cell WORD[5].W (WORD32)
    port Do[3] of cell WORD[60].W (WORD32)
    port Do[3] of cell WORD[61].W (WORD32)
    port Do[3] of cell WORD[62].W (WORD32)
    port Do[3] of cell WORD[63].W (WORD32)
    port Do[3] of cell WORD[6].W (WORD32)
    port Do[3] of cell WORD[7].W (WORD32)
    port Do[3] of cell WORD[8].W (WORD32)
    port Do[3] of cell WORD[9].W (WORD32)
Warning: multiple conflicting drivers for SRAM64x32.\Do_pre[31]:
    port Z[0] of cell FLOATBUF[31] (sky130_fd_sc_hd__ebufn_4)
    port Do[31] of cell WORD[0].W (WORD32)
    port Do[31] of cell WORD[10].W (WORD32)
    port Do[31] of cell WORD[11].W (WORD32)
    port Do[31] of cell WORD[12].W (WORD32)
    port Do[31] of cell WORD[13].W (WORD32)
    port Do[31] of cell WORD[14].W (WORD32)
    port Do[31] of cell WORD[15].W (WORD32)
    port Do[31] of cell WORD[16].W (WORD32)
    port Do[31] of cell WORD[17].W (WORD32)
    port Do[31] of cell WORD[18].W (WORD32)
    port Do[31] of cell WORD[19].W (WORD32)
    port Do[31] of cell WORD[1].W (WORD32)
    port Do[31] of cell WORD[20].W (WORD32)
    port Do[31] of cell WORD[21].W (WORD32)
    port Do[31] of cell WORD[22].W (WORD32)
    port Do[31] of cell WORD[23].W (WORD32)
    port Do[31] of cell WORD[24].W (WORD32)
    port Do[31] of cell WORD[25].W (WORD32)
    port Do[31] of cell WORD[26].W (WORD32)
    port Do[31] of cell WORD[27].W (WORD32)
    port Do[31] of cell WORD[28].W (WORD32)
    port Do[31] of cell WORD[29].W (WORD32)
    port Do[31] of cell WORD[2].W (WORD32)
    port Do[31] of cell WORD[30].W (WORD32)
    port Do[31] of cell WORD[31].W (WORD32)
    port Do[31] of cell WORD[32].W (WORD32)
    port Do[31] of cell WORD[33].W (WORD32)
    port Do[31] of cell WORD[34].W (WORD32)
    port Do[31] of cell WORD[35].W (WORD32)
    port Do[31] of cell WORD[36].W (WORD32)
    port Do[31] of cell WORD[37].W (WORD32)
    port Do[31] of cell WORD[38].W (WORD32)
    port Do[31] of cell WORD[39].W (WORD32)
    port Do[31] of cell WORD[3].W (WORD32)
    port Do[31] of cell WORD[40].W (WORD32)
    port Do[31] of cell WORD[41].W (WORD32)
    port Do[31] of cell WORD[42].W (WORD32)
    port Do[31] of cell WORD[43].W (WORD32)
    port Do[31] of cell WORD[44].W (WORD32)
    port Do[31] of cell WORD[45].W (WORD32)
    port Do[31] of cell WORD[46].W (WORD32)
    port Do[31] of cell WORD[47].W (WORD32)
    port Do[31] of cell WORD[48].W (WORD32)
    port Do[31] of cell WORD[49].W (WORD32)
    port Do[31] of cell WORD[4].W (WORD32)
    port Do[31] of cell WORD[50].W (WORD32)
    port Do[31] of cell WORD[51].W (WORD32)
    port Do[31] of cell WORD[52].W (WORD32)
    port Do[31] of cell WORD[53].W (WORD32)
    port Do[31] of cell WORD[54].W (WORD32)
    port Do[31] of cell WORD[55].W (WORD32)
    port Do[31] of cell WORD[56].W (WORD32)
    port Do[31] of cell WORD[57].W (WORD32)
    port Do[31] of cell WORD[58].W (WORD32)
    port Do[31] of cell WORD[59].W (WORD32)
    port Do[31] of cell WORD[5].W (WORD32)
    port Do[31] of cell WORD[60].W (WORD32)
    port Do[31] of cell WORD[61].W (WORD32)
    port Do[31] of cell WORD[62].W (WORD32)
    port Do[31] of cell WORD[63].W (WORD32)
    port Do[31] of cell WORD[6].W (WORD32)
    port Do[31] of cell WORD[7].W (WORD32)
    port Do[31] of cell WORD[8].W (WORD32)
    port Do[31] of cell WORD[9].W (WORD32)
Warning: multiple conflicting drivers for SRAM64x32.\Do_pre[30]:
    port Z[0] of cell FLOATBUF[30] (sky130_fd_sc_hd__ebufn_4)
    port Do[30] of cell WORD[0].W (WORD32)
    port Do[30] of cell WORD[10].W (WORD32)
    port Do[30] of cell WORD[11].W (WORD32)
    port Do[30] of cell WORD[12].W (WORD32)
    port Do[30] of cell WORD[13].W (WORD32)
    port Do[30] of cell WORD[14].W (WORD32)
    port Do[30] of cell WORD[15].W (WORD32)
    port Do[30] of cell WORD[16].W (WORD32)
    port Do[30] of cell WORD[17].W (WORD32)
    port Do[30] of cell WORD[18].W (WORD32)
    port Do[30] of cell WORD[19].W (WORD32)
    port Do[30] of cell WORD[1].W (WORD32)
    port Do[30] of cell WORD[20].W (WORD32)
    port Do[30] of cell WORD[21].W (WORD32)
    port Do[30] of cell WORD[22].W (WORD32)
    port Do[30] of cell WORD[23].W (WORD32)
    port Do[30] of cell WORD[24].W (WORD32)
    port Do[30] of cell WORD[25].W (WORD32)
    port Do[30] of cell WORD[26].W (WORD32)
    port Do[30] of cell WORD[27].W (WORD32)
    port Do[30] of cell WORD[28].W (WORD32)
    port Do[30] of cell WORD[29].W (WORD32)
    port Do[30] of cell WORD[2].W (WORD32)
    port Do[30] of cell WORD[30].W (WORD32)
    port Do[30] of cell WORD[31].W (WORD32)
    port Do[30] of cell WORD[32].W (WORD32)
    port Do[30] of cell WORD[33].W (WORD32)
    port Do[30] of cell WORD[34].W (WORD32)
    port Do[30] of cell WORD[35].W (WORD32)
    port Do[30] of cell WORD[36].W (WORD32)
    port Do[30] of cell WORD[37].W (WORD32)
    port Do[30] of cell WORD[38].W (WORD32)
    port Do[30] of cell WORD[39].W (WORD32)
    port Do[30] of cell WORD[3].W (WORD32)
    port Do[30] of cell WORD[40].W (WORD32)
    port Do[30] of cell WORD[41].W (WORD32)
    port Do[30] of cell WORD[42].W (WORD32)
    port Do[30] of cell WORD[43].W (WORD32)
    port Do[30] of cell WORD[44].W (WORD32)
    port Do[30] of cell WORD[45].W (WORD32)
    port Do[30] of cell WORD[46].W (WORD32)
    port Do[30] of cell WORD[47].W (WORD32)
    port Do[30] of cell WORD[48].W (WORD32)
    port Do[30] of cell WORD[49].W (WORD32)
    port Do[30] of cell WORD[4].W (WORD32)
    port Do[30] of cell WORD[50].W (WORD32)
    port Do[30] of cell WORD[51].W (WORD32)
    port Do[30] of cell WORD[52].W (WORD32)
    port Do[30] of cell WORD[53].W (WORD32)
    port Do[30] of cell WORD[54].W (WORD32)
    port Do[30] of cell WORD[55].W (WORD32)
    port Do[30] of cell WORD[56].W (WORD32)
    port Do[30] of cell WORD[57].W (WORD32)
    port Do[30] of cell WORD[58].W (WORD32)
    port Do[30] of cell WORD[59].W (WORD32)
    port Do[30] of cell WORD[5].W (WORD32)
    port Do[30] of cell WORD[60].W (WORD32)
    port Do[30] of cell WORD[61].W (WORD32)
    port Do[30] of cell WORD[62].W (WORD32)
    port Do[30] of cell WORD[63].W (WORD32)
    port Do[30] of cell WORD[6].W (WORD32)
    port Do[30] of cell WORD[7].W (WORD32)
    port Do[30] of cell WORD[8].W (WORD32)
    port Do[30] of cell WORD[9].W (WORD32)
Warning: multiple conflicting drivers for SRAM64x32.\Do_pre[2]:
    port Z[0] of cell FLOATBUF[2] (sky130_fd_sc_hd__ebufn_4)
    port Do[2] of cell WORD[0].W (WORD32)
    port Do[2] of cell WORD[10].W (WORD32)
    port Do[2] of cell WORD[11].W (WORD32)
    port Do[2] of cell WORD[12].W (WORD32)
    port Do[2] of cell WORD[13].W (WORD32)
    port Do[2] of cell WORD[14].W (WORD32)
    port Do[2] of cell WORD[15].W (WORD32)
    port Do[2] of cell WORD[16].W (WORD32)
    port Do[2] of cell WORD[17].W (WORD32)
    port Do[2] of cell WORD[18].W (WORD32)
    port Do[2] of cell WORD[19].W (WORD32)
    port Do[2] of cell WORD[1].W (WORD32)
    port Do[2] of cell WORD[20].W (WORD32)
    port Do[2] of cell WORD[21].W (WORD32)
    port Do[2] of cell WORD[22].W (WORD32)
    port Do[2] of cell WORD[23].W (WORD32)
    port Do[2] of cell WORD[24].W (WORD32)
    port Do[2] of cell WORD[25].W (WORD32)
    port Do[2] of cell WORD[26].W (WORD32)
    port Do[2] of cell WORD[27].W (WORD32)
    port Do[2] of cell WORD[28].W (WORD32)
    port Do[2] of cell WORD[29].W (WORD32)
    port Do[2] of cell WORD[2].W (WORD32)
    port Do[2] of cell WORD[30].W (WORD32)
    port Do[2] of cell WORD[31].W (WORD32)
    port Do[2] of cell WORD[32].W (WORD32)
    port Do[2] of cell WORD[33].W (WORD32)
    port Do[2] of cell WORD[34].W (WORD32)
    port Do[2] of cell WORD[35].W (WORD32)
    port Do[2] of cell WORD[36].W (WORD32)
    port Do[2] of cell WORD[37].W (WORD32)
    port Do[2] of cell WORD[38].W (WORD32)
    port Do[2] of cell WORD[39].W (WORD32)
    port Do[2] of cell WORD[3].W (WORD32)
    port Do[2] of cell WORD[40].W (WORD32)
    port Do[2] of cell WORD[41].W (WORD32)
    port Do[2] of cell WORD[42].W (WORD32)
    port Do[2] of cell WORD[43].W (WORD32)
    port Do[2] of cell WORD[44].W (WORD32)
    port Do[2] of cell WORD[45].W (WORD32)
    port Do[2] of cell WORD[46].W (WORD32)
    port Do[2] of cell WORD[47].W (WORD32)
    port Do[2] of cell WORD[48].W (WORD32)
    port Do[2] of cell WORD[49].W (WORD32)
    port Do[2] of cell WORD[4].W (WORD32)
    port Do[2] of cell WORD[50].W (WORD32)
    port Do[2] of cell WORD[51].W (WORD32)
    port Do[2] of cell WORD[52].W (WORD32)
    port Do[2] of cell WORD[53].W (WORD32)
    port Do[2] of cell WORD[54].W (WORD32)
    port Do[2] of cell WORD[55].W (WORD32)
    port Do[2] of cell WORD[56].W (WORD32)
    port Do[2] of cell WORD[57].W (WORD32)
    port Do[2] of cell WORD[58].W (WORD32)
    port Do[2] of cell WORD[59].W (WORD32)
    port Do[2] of cell WORD[5].W (WORD32)
    port Do[2] of cell WORD[60].W (WORD32)
    port Do[2] of cell WORD[61].W (WORD32)
    port Do[2] of cell WORD[62].W (WORD32)
    port Do[2] of cell WORD[63].W (WORD32)
    port Do[2] of cell WORD[6].W (WORD32)
    port Do[2] of cell WORD[7].W (WORD32)
    port Do[2] of cell WORD[8].W (WORD32)
    port Do[2] of cell WORD[9].W (WORD32)
Warning: multiple conflicting drivers for SRAM64x32.\Do_pre[29]:
    port Z[0] of cell FLOATBUF[29] (sky130_fd_sc_hd__ebufn_4)
    port Do[29] of cell WORD[0].W (WORD32)
    port Do[29] of cell WORD[10].W (WORD32)
    port Do[29] of cell WORD[11].W (WORD32)
    port Do[29] of cell WORD[12].W (WORD32)
    port Do[29] of cell WORD[13].W (WORD32)
    port Do[29] of cell WORD[14].W (WORD32)
    port Do[29] of cell WORD[15].W (WORD32)
    port Do[29] of cell WORD[16].W (WORD32)
    port Do[29] of cell WORD[17].W (WORD32)
    port Do[29] of cell WORD[18].W (WORD32)
    port Do[29] of cell WORD[19].W (WORD32)
    port Do[29] of cell WORD[1].W (WORD32)
    port Do[29] of cell WORD[20].W (WORD32)
    port Do[29] of cell WORD[21].W (WORD32)
    port Do[29] of cell WORD[22].W (WORD32)
    port Do[29] of cell WORD[23].W (WORD32)
    port Do[29] of cell WORD[24].W (WORD32)
    port Do[29] of cell WORD[25].W (WORD32)
    port Do[29] of cell WORD[26].W (WORD32)
    port Do[29] of cell WORD[27].W (WORD32)
    port Do[29] of cell WORD[28].W (WORD32)
    port Do[29] of cell WORD[29].W (WORD32)
    port Do[29] of cell WORD[2].W (WORD32)
    port Do[29] of cell WORD[30].W (WORD32)
    port Do[29] of cell WORD[31].W (WORD32)
    port Do[29] of cell WORD[32].W (WORD32)
    port Do[29] of cell WORD[33].W (WORD32)
    port Do[29] of cell WORD[34].W (WORD32)
    port Do[29] of cell WORD[35].W (WORD32)
    port Do[29] of cell WORD[36].W (WORD32)
    port Do[29] of cell WORD[37].W (WORD32)
    port Do[29] of cell WORD[38].W (WORD32)
    port Do[29] of cell WORD[39].W (WORD32)
    port Do[29] of cell WORD[3].W (WORD32)
    port Do[29] of cell WORD[40].W (WORD32)
    port Do[29] of cell WORD[41].W (WORD32)
    port Do[29] of cell WORD[42].W (WORD32)
    port Do[29] of cell WORD[43].W (WORD32)
    port Do[29] of cell WORD[44].W (WORD32)
    port Do[29] of cell WORD[45].W (WORD32)
    port Do[29] of cell WORD[46].W (WORD32)
    port Do[29] of cell WORD[47].W (WORD32)
    port Do[29] of cell WORD[48].W (WORD32)
    port Do[29] of cell WORD[49].W (WORD32)
    port Do[29] of cell WORD[4].W (WORD32)
    port Do[29] of cell WORD[50].W (WORD32)
    port Do[29] of cell WORD[51].W (WORD32)
    port Do[29] of cell WORD[52].W (WORD32)
    port Do[29] of cell WORD[53].W (WORD32)
    port Do[29] of cell WORD[54].W (WORD32)
    port Do[29] of cell WORD[55].W (WORD32)
    port Do[29] of cell WORD[56].W (WORD32)
    port Do[29] of cell WORD[57].W (WORD32)
    port Do[29] of cell WORD[58].W (WORD32)
    port Do[29] of cell WORD[59].W (WORD32)
    port Do[29] of cell WORD[5].W (WORD32)
    port Do[29] of cell WORD[60].W (WORD32)
    port Do[29] of cell WORD[61].W (WORD32)
    port Do[29] of cell WORD[62].W (WORD32)
    port Do[29] of cell WORD[63].W (WORD32)
    port Do[29] of cell WORD[6].W (WORD32)
    port Do[29] of cell WORD[7].W (WORD32)
    port Do[29] of cell WORD[8].W (WORD32)
    port Do[29] of cell WORD[9].W (WORD32)
Warning: multiple conflicting drivers for SRAM64x32.\Do_pre[28]:
    port Z[0] of cell FLOATBUF[28] (sky130_fd_sc_hd__ebufn_4)
    port Do[28] of cell WORD[0].W (WORD32)
    port Do[28] of cell WORD[10].W (WORD32)
    port Do[28] of cell WORD[11].W (WORD32)
    port Do[28] of cell WORD[12].W (WORD32)
    port Do[28] of cell WORD[13].W (WORD32)
    port Do[28] of cell WORD[14].W (WORD32)
    port Do[28] of cell WORD[15].W (WORD32)
    port Do[28] of cell WORD[16].W (WORD32)
    port Do[28] of cell WORD[17].W (WORD32)
    port Do[28] of cell WORD[18].W (WORD32)
    port Do[28] of cell WORD[19].W (WORD32)
    port Do[28] of cell WORD[1].W (WORD32)
    port Do[28] of cell WORD[20].W (WORD32)
    port Do[28] of cell WORD[21].W (WORD32)
    port Do[28] of cell WORD[22].W (WORD32)
    port Do[28] of cell WORD[23].W (WORD32)
    port Do[28] of cell WORD[24].W (WORD32)
    port Do[28] of cell WORD[25].W (WORD32)
    port Do[28] of cell WORD[26].W (WORD32)
    port Do[28] of cell WORD[27].W (WORD32)
    port Do[28] of cell WORD[28].W (WORD32)
    port Do[28] of cell WORD[29].W (WORD32)
    port Do[28] of cell WORD[2].W (WORD32)
    port Do[28] of cell WORD[30].W (WORD32)
    port Do[28] of cell WORD[31].W (WORD32)
    port Do[28] of cell WORD[32].W (WORD32)
    port Do[28] of cell WORD[33].W (WORD32)
    port Do[28] of cell WORD[34].W (WORD32)
    port Do[28] of cell WORD[35].W (WORD32)
    port Do[28] of cell WORD[36].W (WORD32)
    port Do[28] of cell WORD[37].W (WORD32)
    port Do[28] of cell WORD[38].W (WORD32)
    port Do[28] of cell WORD[39].W (WORD32)
    port Do[28] of cell WORD[3].W (WORD32)
    port Do[28] of cell WORD[40].W (WORD32)
    port Do[28] of cell WORD[41].W (WORD32)
    port Do[28] of cell WORD[42].W (WORD32)
    port Do[28] of cell WORD[43].W (WORD32)
    port Do[28] of cell WORD[44].W (WORD32)
    port Do[28] of cell WORD[45].W (WORD32)
    port Do[28] of cell WORD[46].W (WORD32)
    port Do[28] of cell WORD[47].W (WORD32)
    port Do[28] of cell WORD[48].W (WORD32)
    port Do[28] of cell WORD[49].W (WORD32)
    port Do[28] of cell WORD[4].W (WORD32)
    port Do[28] of cell WORD[50].W (WORD32)
    port Do[28] of cell WORD[51].W (WORD32)
    port Do[28] of cell WORD[52].W (WORD32)
    port Do[28] of cell WORD[53].W (WORD32)
    port Do[28] of cell WORD[54].W (WORD32)
    port Do[28] of cell WORD[55].W (WORD32)
    port Do[28] of cell WORD[56].W (WORD32)
    port Do[28] of cell WORD[57].W (WORD32)
    port Do[28] of cell WORD[58].W (WORD32)
    port Do[28] of cell WORD[59].W (WORD32)
    port Do[28] of cell WORD[5].W (WORD32)
    port Do[28] of cell WORD[60].W (WORD32)
    port Do[28] of cell WORD[61].W (WORD32)
    port Do[28] of cell WORD[62].W (WORD32)
    port Do[28] of cell WORD[63].W (WORD32)
    port Do[28] of cell WORD[6].W (WORD32)
    port Do[28] of cell WORD[7].W (WORD32)
    port Do[28] of cell WORD[8].W (WORD32)
    port Do[28] of cell WORD[9].W (WORD32)
Warning: multiple conflicting drivers for SRAM64x32.\Do_pre[27]:
    port Z[0] of cell FLOATBUF[27] (sky130_fd_sc_hd__ebufn_4)
    port Do[27] of cell WORD[0].W (WORD32)
    port Do[27] of cell WORD[10].W (WORD32)
    port Do[27] of cell WORD[11].W (WORD32)
    port Do[27] of cell WORD[12].W (WORD32)
    port Do[27] of cell WORD[13].W (WORD32)
    port Do[27] of cell WORD[14].W (WORD32)
    port Do[27] of cell WORD[15].W (WORD32)
    port Do[27] of cell WORD[16].W (WORD32)
    port Do[27] of cell WORD[17].W (WORD32)
    port Do[27] of cell WORD[18].W (WORD32)
    port Do[27] of cell WORD[19].W (WORD32)
    port Do[27] of cell WORD[1].W (WORD32)
    port Do[27] of cell WORD[20].W (WORD32)
    port Do[27] of cell WORD[21].W (WORD32)
    port Do[27] of cell WORD[22].W (WORD32)
    port Do[27] of cell WORD[23].W (WORD32)
    port Do[27] of cell WORD[24].W (WORD32)
    port Do[27] of cell WORD[25].W (WORD32)
    port Do[27] of cell WORD[26].W (WORD32)
    port Do[27] of cell WORD[27].W (WORD32)
    port Do[27] of cell WORD[28].W (WORD32)
    port Do[27] of cell WORD[29].W (WORD32)
    port Do[27] of cell WORD[2].W (WORD32)
    port Do[27] of cell WORD[30].W (WORD32)
    port Do[27] of cell WORD[31].W (WORD32)
    port Do[27] of cell WORD[32].W (WORD32)
    port Do[27] of cell WORD[33].W (WORD32)
    port Do[27] of cell WORD[34].W (WORD32)
    port Do[27] of cell WORD[35].W (WORD32)
    port Do[27] of cell WORD[36].W (WORD32)
    port Do[27] of cell WORD[37].W (WORD32)
    port Do[27] of cell WORD[38].W (WORD32)
    port Do[27] of cell WORD[39].W (WORD32)
    port Do[27] of cell WORD[3].W (WORD32)
    port Do[27] of cell WORD[40].W (WORD32)
    port Do[27] of cell WORD[41].W (WORD32)
    port Do[27] of cell WORD[42].W (WORD32)
    port Do[27] of cell WORD[43].W (WORD32)
    port Do[27] of cell WORD[44].W (WORD32)
    port Do[27] of cell WORD[45].W (WORD32)
    port Do[27] of cell WORD[46].W (WORD32)
    port Do[27] of cell WORD[47].W (WORD32)
    port Do[27] of cell WORD[48].W (WORD32)
    port Do[27] of cell WORD[49].W (WORD32)
    port Do[27] of cell WORD[4].W (WORD32)
    port Do[27] of cell WORD[50].W (WORD32)
    port Do[27] of cell WORD[51].W (WORD32)
    port Do[27] of cell WORD[52].W (WORD32)
    port Do[27] of cell WORD[53].W (WORD32)
    port Do[27] of cell WORD[54].W (WORD32)
    port Do[27] of cell WORD[55].W (WORD32)
    port Do[27] of cell WORD[56].W (WORD32)
    port Do[27] of cell WORD[57].W (WORD32)
    port Do[27] of cell WORD[58].W (WORD32)
    port Do[27] of cell WORD[59].W (WORD32)
    port Do[27] of cell WORD[5].W (WORD32)
    port Do[27] of cell WORD[60].W (WORD32)
    port Do[27] of cell WORD[61].W (WORD32)
    port Do[27] of cell WORD[62].W (WORD32)
    port Do[27] of cell WORD[63].W (WORD32)
    port Do[27] of cell WORD[6].W (WORD32)
    port Do[27] of cell WORD[7].W (WORD32)
    port Do[27] of cell WORD[8].W (WORD32)
    port Do[27] of cell WORD[9].W (WORD32)
Warning: multiple conflicting drivers for SRAM64x32.\Do_pre[26]:
    port Z[0] of cell FLOATBUF[26] (sky130_fd_sc_hd__ebufn_4)
    port Do[26] of cell WORD[0].W (WORD32)
    port Do[26] of cell WORD[10].W (WORD32)
    port Do[26] of cell WORD[11].W (WORD32)
    port Do[26] of cell WORD[12].W (WORD32)
    port Do[26] of cell WORD[13].W (WORD32)
    port Do[26] of cell WORD[14].W (WORD32)
    port Do[26] of cell WORD[15].W (WORD32)
    port Do[26] of cell WORD[16].W (WORD32)
    port Do[26] of cell WORD[17].W (WORD32)
    port Do[26] of cell WORD[18].W (WORD32)
    port Do[26] of cell WORD[19].W (WORD32)
    port Do[26] of cell WORD[1].W (WORD32)
    port Do[26] of cell WORD[20].W (WORD32)
    port Do[26] of cell WORD[21].W (WORD32)
    port Do[26] of cell WORD[22].W (WORD32)
    port Do[26] of cell WORD[23].W (WORD32)
    port Do[26] of cell WORD[24].W (WORD32)
    port Do[26] of cell WORD[25].W (WORD32)
    port Do[26] of cell WORD[26].W (WORD32)
    port Do[26] of cell WORD[27].W (WORD32)
    port Do[26] of cell WORD[28].W (WORD32)
    port Do[26] of cell WORD[29].W (WORD32)
    port Do[26] of cell WORD[2].W (WORD32)
    port Do[26] of cell WORD[30].W (WORD32)
    port Do[26] of cell WORD[31].W (WORD32)
    port Do[26] of cell WORD[32].W (WORD32)
    port Do[26] of cell WORD[33].W (WORD32)
    port Do[26] of cell WORD[34].W (WORD32)
    port Do[26] of cell WORD[35].W (WORD32)
    port Do[26] of cell WORD[36].W (WORD32)
    port Do[26] of cell WORD[37].W (WORD32)
    port Do[26] of cell WORD[38].W (WORD32)
    port Do[26] of cell WORD[39].W (WORD32)
    port Do[26] of cell WORD[3].W (WORD32)
    port Do[26] of cell WORD[40].W (WORD32)
    port Do[26] of cell WORD[41].W (WORD32)
    port Do[26] of cell WORD[42].W (WORD32)
    port Do[26] of cell WORD[43].W (WORD32)
    port Do[26] of cell WORD[44].W (WORD32)
    port Do[26] of cell WORD[45].W (WORD32)
    port Do[26] of cell WORD[46].W (WORD32)
    port Do[26] of cell WORD[47].W (WORD32)
    port Do[26] of cell WORD[48].W (WORD32)
    port Do[26] of cell WORD[49].W (WORD32)
    port Do[26] of cell WORD[4].W (WORD32)
    port Do[26] of cell WORD[50].W (WORD32)
    port Do[26] of cell WORD[51].W (WORD32)
    port Do[26] of cell WORD[52].W (WORD32)
    port Do[26] of cell WORD[53].W (WORD32)
    port Do[26] of cell WORD[54].W (WORD32)
    port Do[26] of cell WORD[55].W (WORD32)
    port Do[26] of cell WORD[56].W (WORD32)
    port Do[26] of cell WORD[57].W (WORD32)
    port Do[26] of cell WORD[58].W (WORD32)
    port Do[26] of cell WORD[59].W (WORD32)
    port Do[26] of cell WORD[5].W (WORD32)
    port Do[26] of cell WORD[60].W (WORD32)
    port Do[26] of cell WORD[61].W (WORD32)
    port Do[26] of cell WORD[62].W (WORD32)
    port Do[26] of cell WORD[63].W (WORD32)
    port Do[26] of cell WORD[6].W (WORD32)
    port Do[26] of cell WORD[7].W (WORD32)
    port Do[26] of cell WORD[8].W (WORD32)
    port Do[26] of cell WORD[9].W (WORD32)
Warning: multiple conflicting drivers for SRAM64x32.\Do_pre[25]:
    port Z[0] of cell FLOATBUF[25] (sky130_fd_sc_hd__ebufn_4)
    port Do[25] of cell WORD[0].W (WORD32)
    port Do[25] of cell WORD[10].W (WORD32)
    port Do[25] of cell WORD[11].W (WORD32)
    port Do[25] of cell WORD[12].W (WORD32)
    port Do[25] of cell WORD[13].W (WORD32)
    port Do[25] of cell WORD[14].W (WORD32)
    port Do[25] of cell WORD[15].W (WORD32)
    port Do[25] of cell WORD[16].W (WORD32)
    port Do[25] of cell WORD[17].W (WORD32)
    port Do[25] of cell WORD[18].W (WORD32)
    port Do[25] of cell WORD[19].W (WORD32)
    port Do[25] of cell WORD[1].W (WORD32)
    port Do[25] of cell WORD[20].W (WORD32)
    port Do[25] of cell WORD[21].W (WORD32)
    port Do[25] of cell WORD[22].W (WORD32)
    port Do[25] of cell WORD[23].W (WORD32)
    port Do[25] of cell WORD[24].W (WORD32)
    port Do[25] of cell WORD[25].W (WORD32)
    port Do[25] of cell WORD[26].W (WORD32)
    port Do[25] of cell WORD[27].W (WORD32)
    port Do[25] of cell WORD[28].W (WORD32)
    port Do[25] of cell WORD[29].W (WORD32)
    port Do[25] of cell WORD[2].W (WORD32)
    port Do[25] of cell WORD[30].W (WORD32)
    port Do[25] of cell WORD[31].W (WORD32)
    port Do[25] of cell WORD[32].W (WORD32)
    port Do[25] of cell WORD[33].W (WORD32)
    port Do[25] of cell WORD[34].W (WORD32)
    port Do[25] of cell WORD[35].W (WORD32)
    port Do[25] of cell WORD[36].W (WORD32)
    port Do[25] of cell WORD[37].W (WORD32)
    port Do[25] of cell WORD[38].W (WORD32)
    port Do[25] of cell WORD[39].W (WORD32)
    port Do[25] of cell WORD[3].W (WORD32)
    port Do[25] of cell WORD[40].W (WORD32)
    port Do[25] of cell WORD[41].W (WORD32)
    port Do[25] of cell WORD[42].W (WORD32)
    port Do[25] of cell WORD[43].W (WORD32)
    port Do[25] of cell WORD[44].W (WORD32)
    port Do[25] of cell WORD[45].W (WORD32)
    port Do[25] of cell WORD[46].W (WORD32)
    port Do[25] of cell WORD[47].W (WORD32)
    port Do[25] of cell WORD[48].W (WORD32)
    port Do[25] of cell WORD[49].W (WORD32)
    port Do[25] of cell WORD[4].W (WORD32)
    port Do[25] of cell WORD[50].W (WORD32)
    port Do[25] of cell WORD[51].W (WORD32)
    port Do[25] of cell WORD[52].W (WORD32)
    port Do[25] of cell WORD[53].W (WORD32)
    port Do[25] of cell WORD[54].W (WORD32)
    port Do[25] of cell WORD[55].W (WORD32)
    port Do[25] of cell WORD[56].W (WORD32)
    port Do[25] of cell WORD[57].W (WORD32)
    port Do[25] of cell WORD[58].W (WORD32)
    port Do[25] of cell WORD[59].W (WORD32)
    port Do[25] of cell WORD[5].W (WORD32)
    port Do[25] of cell WORD[60].W (WORD32)
    port Do[25] of cell WORD[61].W (WORD32)
    port Do[25] of cell WORD[62].W (WORD32)
    port Do[25] of cell WORD[63].W (WORD32)
    port Do[25] of cell WORD[6].W (WORD32)
    port Do[25] of cell WORD[7].W (WORD32)
    port Do[25] of cell WORD[8].W (WORD32)
    port Do[25] of cell WORD[9].W (WORD32)
Warning: multiple conflicting drivers for SRAM64x32.\Do_pre[24]:
    port Z[0] of cell FLOATBUF[24] (sky130_fd_sc_hd__ebufn_4)
    port Do[24] of cell WORD[0].W (WORD32)
    port Do[24] of cell WORD[10].W (WORD32)
    port Do[24] of cell WORD[11].W (WORD32)
    port Do[24] of cell WORD[12].W (WORD32)
    port Do[24] of cell WORD[13].W (WORD32)
    port Do[24] of cell WORD[14].W (WORD32)
    port Do[24] of cell WORD[15].W (WORD32)
    port Do[24] of cell WORD[16].W (WORD32)
    port Do[24] of cell WORD[17].W (WORD32)
    port Do[24] of cell WORD[18].W (WORD32)
    port Do[24] of cell WORD[19].W (WORD32)
    port Do[24] of cell WORD[1].W (WORD32)
    port Do[24] of cell WORD[20].W (WORD32)
    port Do[24] of cell WORD[21].W (WORD32)
    port Do[24] of cell WORD[22].W (WORD32)
    port Do[24] of cell WORD[23].W (WORD32)
    port Do[24] of cell WORD[24].W (WORD32)
    port Do[24] of cell WORD[25].W (WORD32)
    port Do[24] of cell WORD[26].W (WORD32)
    port Do[24] of cell WORD[27].W (WORD32)
    port Do[24] of cell WORD[28].W (WORD32)
    port Do[24] of cell WORD[29].W (WORD32)
    port Do[24] of cell WORD[2].W (WORD32)
    port Do[24] of cell WORD[30].W (WORD32)
    port Do[24] of cell WORD[31].W (WORD32)
    port Do[24] of cell WORD[32].W (WORD32)
    port Do[24] of cell WORD[33].W (WORD32)
    port Do[24] of cell WORD[34].W (WORD32)
    port Do[24] of cell WORD[35].W (WORD32)
    port Do[24] of cell WORD[36].W (WORD32)
    port Do[24] of cell WORD[37].W (WORD32)
    port Do[24] of cell WORD[38].W (WORD32)
    port Do[24] of cell WORD[39].W (WORD32)
    port Do[24] of cell WORD[3].W (WORD32)
    port Do[24] of cell WORD[40].W (WORD32)
    port Do[24] of cell WORD[41].W (WORD32)
    port Do[24] of cell WORD[42].W (WORD32)
    port Do[24] of cell WORD[43].W (WORD32)
    port Do[24] of cell WORD[44].W (WORD32)
    port Do[24] of cell WORD[45].W (WORD32)
    port Do[24] of cell WORD[46].W (WORD32)
    port Do[24] of cell WORD[47].W (WORD32)
    port Do[24] of cell WORD[48].W (WORD32)
    port Do[24] of cell WORD[49].W (WORD32)
    port Do[24] of cell WORD[4].W (WORD32)
    port Do[24] of cell WORD[50].W (WORD32)
    port Do[24] of cell WORD[51].W (WORD32)
    port Do[24] of cell WORD[52].W (WORD32)
    port Do[24] of cell WORD[53].W (WORD32)
    port Do[24] of cell WORD[54].W (WORD32)
    port Do[24] of cell WORD[55].W (WORD32)
    port Do[24] of cell WORD[56].W (WORD32)
    port Do[24] of cell WORD[57].W (WORD32)
    port Do[24] of cell WORD[58].W (WORD32)
    port Do[24] of cell WORD[59].W (WORD32)
    port Do[24] of cell WORD[5].W (WORD32)
    port Do[24] of cell WORD[60].W (WORD32)
    port Do[24] of cell WORD[61].W (WORD32)
    port Do[24] of cell WORD[62].W (WORD32)
    port Do[24] of cell WORD[63].W (WORD32)
    port Do[24] of cell WORD[6].W (WORD32)
    port Do[24] of cell WORD[7].W (WORD32)
    port Do[24] of cell WORD[8].W (WORD32)
    port Do[24] of cell WORD[9].W (WORD32)
Warning: multiple conflicting drivers for SRAM64x32.\Do_pre[23]:
    port Z[0] of cell FLOATBUF[23] (sky130_fd_sc_hd__ebufn_4)
    port Do[23] of cell WORD[0].W (WORD32)
    port Do[23] of cell WORD[10].W (WORD32)
    port Do[23] of cell WORD[11].W (WORD32)
    port Do[23] of cell WORD[12].W (WORD32)
    port Do[23] of cell WORD[13].W (WORD32)
    port Do[23] of cell WORD[14].W (WORD32)
    port Do[23] of cell WORD[15].W (WORD32)
    port Do[23] of cell WORD[16].W (WORD32)
    port Do[23] of cell WORD[17].W (WORD32)
    port Do[23] of cell WORD[18].W (WORD32)
    port Do[23] of cell WORD[19].W (WORD32)
    port Do[23] of cell WORD[1].W (WORD32)
    port Do[23] of cell WORD[20].W (WORD32)
    port Do[23] of cell WORD[21].W (WORD32)
    port Do[23] of cell WORD[22].W (WORD32)
    port Do[23] of cell WORD[23].W (WORD32)
    port Do[23] of cell WORD[24].W (WORD32)
    port Do[23] of cell WORD[25].W (WORD32)
    port Do[23] of cell WORD[26].W (WORD32)
    port Do[23] of cell WORD[27].W (WORD32)
    port Do[23] of cell WORD[28].W (WORD32)
    port Do[23] of cell WORD[29].W (WORD32)
    port Do[23] of cell WORD[2].W (WORD32)
    port Do[23] of cell WORD[30].W (WORD32)
    port Do[23] of cell WORD[31].W (WORD32)
    port Do[23] of cell WORD[32].W (WORD32)
    port Do[23] of cell WORD[33].W (WORD32)
    port Do[23] of cell WORD[34].W (WORD32)
    port Do[23] of cell WORD[35].W (WORD32)
    port Do[23] of cell WORD[36].W (WORD32)
    port Do[23] of cell WORD[37].W (WORD32)
    port Do[23] of cell WORD[38].W (WORD32)
    port Do[23] of cell WORD[39].W (WORD32)
    port Do[23] of cell WORD[3].W (WORD32)
    port Do[23] of cell WORD[40].W (WORD32)
    port Do[23] of cell WORD[41].W (WORD32)
    port Do[23] of cell WORD[42].W (WORD32)
    port Do[23] of cell WORD[43].W (WORD32)
    port Do[23] of cell WORD[44].W (WORD32)
    port Do[23] of cell WORD[45].W (WORD32)
    port Do[23] of cell WORD[46].W (WORD32)
    port Do[23] of cell WORD[47].W (WORD32)
    port Do[23] of cell WORD[48].W (WORD32)
    port Do[23] of cell WORD[49].W (WORD32)
    port Do[23] of cell WORD[4].W (WORD32)
    port Do[23] of cell WORD[50].W (WORD32)
    port Do[23] of cell WORD[51].W (WORD32)
    port Do[23] of cell WORD[52].W (WORD32)
    port Do[23] of cell WORD[53].W (WORD32)
    port Do[23] of cell WORD[54].W (WORD32)
    port Do[23] of cell WORD[55].W (WORD32)
    port Do[23] of cell WORD[56].W (WORD32)
    port Do[23] of cell WORD[57].W (WORD32)
    port Do[23] of cell WORD[58].W (WORD32)
    port Do[23] of cell WORD[59].W (WORD32)
    port Do[23] of cell WORD[5].W (WORD32)
    port Do[23] of cell WORD[60].W (WORD32)
    port Do[23] of cell WORD[61].W (WORD32)
    port Do[23] of cell WORD[62].W (WORD32)
    port Do[23] of cell WORD[63].W (WORD32)
    port Do[23] of cell WORD[6].W (WORD32)
    port Do[23] of cell WORD[7].W (WORD32)
    port Do[23] of cell WORD[8].W (WORD32)
    port Do[23] of cell WORD[9].W (WORD32)
Warning: multiple conflicting drivers for SRAM64x32.\Do_pre[22]:
    port Z[0] of cell FLOATBUF[22] (sky130_fd_sc_hd__ebufn_4)
    port Do[22] of cell WORD[0].W (WORD32)
    port Do[22] of cell WORD[10].W (WORD32)
    port Do[22] of cell WORD[11].W (WORD32)
    port Do[22] of cell WORD[12].W (WORD32)
    port Do[22] of cell WORD[13].W (WORD32)
    port Do[22] of cell WORD[14].W (WORD32)
    port Do[22] of cell WORD[15].W (WORD32)
    port Do[22] of cell WORD[16].W (WORD32)
    port Do[22] of cell WORD[17].W (WORD32)
    port Do[22] of cell WORD[18].W (WORD32)
    port Do[22] of cell WORD[19].W (WORD32)
    port Do[22] of cell WORD[1].W (WORD32)
    port Do[22] of cell WORD[20].W (WORD32)
    port Do[22] of cell WORD[21].W (WORD32)
    port Do[22] of cell WORD[22].W (WORD32)
    port Do[22] of cell WORD[23].W (WORD32)
    port Do[22] of cell WORD[24].W (WORD32)
    port Do[22] of cell WORD[25].W (WORD32)
    port Do[22] of cell WORD[26].W (WORD32)
    port Do[22] of cell WORD[27].W (WORD32)
    port Do[22] of cell WORD[28].W (WORD32)
    port Do[22] of cell WORD[29].W (WORD32)
    port Do[22] of cell WORD[2].W (WORD32)
    port Do[22] of cell WORD[30].W (WORD32)
    port Do[22] of cell WORD[31].W (WORD32)
    port Do[22] of cell WORD[32].W (WORD32)
    port Do[22] of cell WORD[33].W (WORD32)
    port Do[22] of cell WORD[34].W (WORD32)
    port Do[22] of cell WORD[35].W (WORD32)
    port Do[22] of cell WORD[36].W (WORD32)
    port Do[22] of cell WORD[37].W (WORD32)
    port Do[22] of cell WORD[38].W (WORD32)
    port Do[22] of cell WORD[39].W (WORD32)
    port Do[22] of cell WORD[3].W (WORD32)
    port Do[22] of cell WORD[40].W (WORD32)
    port Do[22] of cell WORD[41].W (WORD32)
    port Do[22] of cell WORD[42].W (WORD32)
    port Do[22] of cell WORD[43].W (WORD32)
    port Do[22] of cell WORD[44].W (WORD32)
    port Do[22] of cell WORD[45].W (WORD32)
    port Do[22] of cell WORD[46].W (WORD32)
    port Do[22] of cell WORD[47].W (WORD32)
    port Do[22] of cell WORD[48].W (WORD32)
    port Do[22] of cell WORD[49].W (WORD32)
    port Do[22] of cell WORD[4].W (WORD32)
    port Do[22] of cell WORD[50].W (WORD32)
    port Do[22] of cell WORD[51].W (WORD32)
    port Do[22] of cell WORD[52].W (WORD32)
    port Do[22] of cell WORD[53].W (WORD32)
    port Do[22] of cell WORD[54].W (WORD32)
    port Do[22] of cell WORD[55].W (WORD32)
    port Do[22] of cell WORD[56].W (WORD32)
    port Do[22] of cell WORD[57].W (WORD32)
    port Do[22] of cell WORD[58].W (WORD32)
    port Do[22] of cell WORD[59].W (WORD32)
    port Do[22] of cell WORD[5].W (WORD32)
    port Do[22] of cell WORD[60].W (WORD32)
    port Do[22] of cell WORD[61].W (WORD32)
    port Do[22] of cell WORD[62].W (WORD32)
    port Do[22] of cell WORD[63].W (WORD32)
    port Do[22] of cell WORD[6].W (WORD32)
    port Do[22] of cell WORD[7].W (WORD32)
    port Do[22] of cell WORD[8].W (WORD32)
    port Do[22] of cell WORD[9].W (WORD32)
Warning: multiple conflicting drivers for SRAM64x32.\Do_pre[21]:
    port Z[0] of cell FLOATBUF[21] (sky130_fd_sc_hd__ebufn_4)
    port Do[21] of cell WORD[0].W (WORD32)
    port Do[21] of cell WORD[10].W (WORD32)
    port Do[21] of cell WORD[11].W (WORD32)
    port Do[21] of cell WORD[12].W (WORD32)
    port Do[21] of cell WORD[13].W (WORD32)
    port Do[21] of cell WORD[14].W (WORD32)
    port Do[21] of cell WORD[15].W (WORD32)
    port Do[21] of cell WORD[16].W (WORD32)
    port Do[21] of cell WORD[17].W (WORD32)
    port Do[21] of cell WORD[18].W (WORD32)
    port Do[21] of cell WORD[19].W (WORD32)
    port Do[21] of cell WORD[1].W (WORD32)
    port Do[21] of cell WORD[20].W (WORD32)
    port Do[21] of cell WORD[21].W (WORD32)
    port Do[21] of cell WORD[22].W (WORD32)
    port Do[21] of cell WORD[23].W (WORD32)
    port Do[21] of cell WORD[24].W (WORD32)
    port Do[21] of cell WORD[25].W (WORD32)
    port Do[21] of cell WORD[26].W (WORD32)
    port Do[21] of cell WORD[27].W (WORD32)
    port Do[21] of cell WORD[28].W (WORD32)
    port Do[21] of cell WORD[29].W (WORD32)
    port Do[21] of cell WORD[2].W (WORD32)
    port Do[21] of cell WORD[30].W (WORD32)
    port Do[21] of cell WORD[31].W (WORD32)
    port Do[21] of cell WORD[32].W (WORD32)
    port Do[21] of cell WORD[33].W (WORD32)
    port Do[21] of cell WORD[34].W (WORD32)
    port Do[21] of cell WORD[35].W (WORD32)
    port Do[21] of cell WORD[36].W (WORD32)
    port Do[21] of cell WORD[37].W (WORD32)
    port Do[21] of cell WORD[38].W (WORD32)
    port Do[21] of cell WORD[39].W (WORD32)
    port Do[21] of cell WORD[3].W (WORD32)
    port Do[21] of cell WORD[40].W (WORD32)
    port Do[21] of cell WORD[41].W (WORD32)
    port Do[21] of cell WORD[42].W (WORD32)
    port Do[21] of cell WORD[43].W (WORD32)
    port Do[21] of cell WORD[44].W (WORD32)
    port Do[21] of cell WORD[45].W (WORD32)
    port Do[21] of cell WORD[46].W (WORD32)
    port Do[21] of cell WORD[47].W (WORD32)
    port Do[21] of cell WORD[48].W (WORD32)
    port Do[21] of cell WORD[49].W (WORD32)
    port Do[21] of cell WORD[4].W (WORD32)
    port Do[21] of cell WORD[50].W (WORD32)
    port Do[21] of cell WORD[51].W (WORD32)
    port Do[21] of cell WORD[52].W (WORD32)
    port Do[21] of cell WORD[53].W (WORD32)
    port Do[21] of cell WORD[54].W (WORD32)
    port Do[21] of cell WORD[55].W (WORD32)
    port Do[21] of cell WORD[56].W (WORD32)
    port Do[21] of cell WORD[57].W (WORD32)
    port Do[21] of cell WORD[58].W (WORD32)
    port Do[21] of cell WORD[59].W (WORD32)
    port Do[21] of cell WORD[5].W (WORD32)
    port Do[21] of cell WORD[60].W (WORD32)
    port Do[21] of cell WORD[61].W (WORD32)
    port Do[21] of cell WORD[62].W (WORD32)
    port Do[21] of cell WORD[63].W (WORD32)
    port Do[21] of cell WORD[6].W (WORD32)
    port Do[21] of cell WORD[7].W (WORD32)
    port Do[21] of cell WORD[8].W (WORD32)
    port Do[21] of cell WORD[9].W (WORD32)
Warning: multiple conflicting drivers for SRAM64x32.\Do_pre[20]:
    port Z[0] of cell FLOATBUF[20] (sky130_fd_sc_hd__ebufn_4)
    port Do[20] of cell WORD[0].W (WORD32)
    port Do[20] of cell WORD[10].W (WORD32)
    port Do[20] of cell WORD[11].W (WORD32)
    port Do[20] of cell WORD[12].W (WORD32)
    port Do[20] of cell WORD[13].W (WORD32)
    port Do[20] of cell WORD[14].W (WORD32)
    port Do[20] of cell WORD[15].W (WORD32)
    port Do[20] of cell WORD[16].W (WORD32)
    port Do[20] of cell WORD[17].W (WORD32)
    port Do[20] of cell WORD[18].W (WORD32)
    port Do[20] of cell WORD[19].W (WORD32)
    port Do[20] of cell WORD[1].W (WORD32)
    port Do[20] of cell WORD[20].W (WORD32)
    port Do[20] of cell WORD[21].W (WORD32)
    port Do[20] of cell WORD[22].W (WORD32)
    port Do[20] of cell WORD[23].W (WORD32)
    port Do[20] of cell WORD[24].W (WORD32)
    port Do[20] of cell WORD[25].W (WORD32)
    port Do[20] of cell WORD[26].W (WORD32)
    port Do[20] of cell WORD[27].W (WORD32)
    port Do[20] of cell WORD[28].W (WORD32)
    port Do[20] of cell WORD[29].W (WORD32)
    port Do[20] of cell WORD[2].W (WORD32)
    port Do[20] of cell WORD[30].W (WORD32)
    port Do[20] of cell WORD[31].W (WORD32)
    port Do[20] of cell WORD[32].W (WORD32)
    port Do[20] of cell WORD[33].W (WORD32)
    port Do[20] of cell WORD[34].W (WORD32)
    port Do[20] of cell WORD[35].W (WORD32)
    port Do[20] of cell WORD[36].W (WORD32)
    port Do[20] of cell WORD[37].W (WORD32)
    port Do[20] of cell WORD[38].W (WORD32)
    port Do[20] of cell WORD[39].W (WORD32)
    port Do[20] of cell WORD[3].W (WORD32)
    port Do[20] of cell WORD[40].W (WORD32)
    port Do[20] of cell WORD[41].W (WORD32)
    port Do[20] of cell WORD[42].W (WORD32)
    port Do[20] of cell WORD[43].W (WORD32)
    port Do[20] of cell WORD[44].W (WORD32)
    port Do[20] of cell WORD[45].W (WORD32)
    port Do[20] of cell WORD[46].W (WORD32)
    port Do[20] of cell WORD[47].W (WORD32)
    port Do[20] of cell WORD[48].W (WORD32)
    port Do[20] of cell WORD[49].W (WORD32)
    port Do[20] of cell WORD[4].W (WORD32)
    port Do[20] of cell WORD[50].W (WORD32)
    port Do[20] of cell WORD[51].W (WORD32)
    port Do[20] of cell WORD[52].W (WORD32)
    port Do[20] of cell WORD[53].W (WORD32)
    port Do[20] of cell WORD[54].W (WORD32)
    port Do[20] of cell WORD[55].W (WORD32)
    port Do[20] of cell WORD[56].W (WORD32)
    port Do[20] of cell WORD[57].W (WORD32)
    port Do[20] of cell WORD[58].W (WORD32)
    port Do[20] of cell WORD[59].W (WORD32)
    port Do[20] of cell WORD[5].W (WORD32)
    port Do[20] of cell WORD[60].W (WORD32)
    port Do[20] of cell WORD[61].W (WORD32)
    port Do[20] of cell WORD[62].W (WORD32)
    port Do[20] of cell WORD[63].W (WORD32)
    port Do[20] of cell WORD[6].W (WORD32)
    port Do[20] of cell WORD[7].W (WORD32)
    port Do[20] of cell WORD[8].W (WORD32)
    port Do[20] of cell WORD[9].W (WORD32)
Warning: multiple conflicting drivers for SRAM64x32.\Do_pre[1]:
    port Z[0] of cell FLOATBUF[1] (sky130_fd_sc_hd__ebufn_4)
    port Do[1] of cell WORD[0].W (WORD32)
    port Do[1] of cell WORD[10].W (WORD32)
    port Do[1] of cell WORD[11].W (WORD32)
    port Do[1] of cell WORD[12].W (WORD32)
    port Do[1] of cell WORD[13].W (WORD32)
    port Do[1] of cell WORD[14].W (WORD32)
    port Do[1] of cell WORD[15].W (WORD32)
    port Do[1] of cell WORD[16].W (WORD32)
    port Do[1] of cell WORD[17].W (WORD32)
    port Do[1] of cell WORD[18].W (WORD32)
    port Do[1] of cell WORD[19].W (WORD32)
    port Do[1] of cell WORD[1].W (WORD32)
    port Do[1] of cell WORD[20].W (WORD32)
    port Do[1] of cell WORD[21].W (WORD32)
    port Do[1] of cell WORD[22].W (WORD32)
    port Do[1] of cell WORD[23].W (WORD32)
    port Do[1] of cell WORD[24].W (WORD32)
    port Do[1] of cell WORD[25].W (WORD32)
    port Do[1] of cell WORD[26].W (WORD32)
    port Do[1] of cell WORD[27].W (WORD32)
    port Do[1] of cell WORD[28].W (WORD32)
    port Do[1] of cell WORD[29].W (WORD32)
    port Do[1] of cell WORD[2].W (WORD32)
    port Do[1] of cell WORD[30].W (WORD32)
    port Do[1] of cell WORD[31].W (WORD32)
    port Do[1] of cell WORD[32].W (WORD32)
    port Do[1] of cell WORD[33].W (WORD32)
    port Do[1] of cell WORD[34].W (WORD32)
    port Do[1] of cell WORD[35].W (WORD32)
    port Do[1] of cell WORD[36].W (WORD32)
    port Do[1] of cell WORD[37].W (WORD32)
    port Do[1] of cell WORD[38].W (WORD32)
    port Do[1] of cell WORD[39].W (WORD32)
    port Do[1] of cell WORD[3].W (WORD32)
    port Do[1] of cell WORD[40].W (WORD32)
    port Do[1] of cell WORD[41].W (WORD32)
    port Do[1] of cell WORD[42].W (WORD32)
    port Do[1] of cell WORD[43].W (WORD32)
    port Do[1] of cell WORD[44].W (WORD32)
    port Do[1] of cell WORD[45].W (WORD32)
    port Do[1] of cell WORD[46].W (WORD32)
    port Do[1] of cell WORD[47].W (WORD32)
    port Do[1] of cell WORD[48].W (WORD32)
    port Do[1] of cell WORD[49].W (WORD32)
    port Do[1] of cell WORD[4].W (WORD32)
    port Do[1] of cell WORD[50].W (WORD32)
    port Do[1] of cell WORD[51].W (WORD32)
    port Do[1] of cell WORD[52].W (WORD32)
    port Do[1] of cell WORD[53].W (WORD32)
    port Do[1] of cell WORD[54].W (WORD32)
    port Do[1] of cell WORD[55].W (WORD32)
    port Do[1] of cell WORD[56].W (WORD32)
    port Do[1] of cell WORD[57].W (WORD32)
    port Do[1] of cell WORD[58].W (WORD32)
    port Do[1] of cell WORD[59].W (WORD32)
    port Do[1] of cell WORD[5].W (WORD32)
    port Do[1] of cell WORD[60].W (WORD32)
    port Do[1] of cell WORD[61].W (WORD32)
    port Do[1] of cell WORD[62].W (WORD32)
    port Do[1] of cell WORD[63].W (WORD32)
    port Do[1] of cell WORD[6].W (WORD32)
    port Do[1] of cell WORD[7].W (WORD32)
    port Do[1] of cell WORD[8].W (WORD32)
    port Do[1] of cell WORD[9].W (WORD32)
Warning: multiple conflicting drivers for SRAM64x32.\Do_pre[19]:
    port Z[0] of cell FLOATBUF[19] (sky130_fd_sc_hd__ebufn_4)
    port Do[19] of cell WORD[0].W (WORD32)
    port Do[19] of cell WORD[10].W (WORD32)
    port Do[19] of cell WORD[11].W (WORD32)
    port Do[19] of cell WORD[12].W (WORD32)
    port Do[19] of cell WORD[13].W (WORD32)
    port Do[19] of cell WORD[14].W (WORD32)
    port Do[19] of cell WORD[15].W (WORD32)
    port Do[19] of cell WORD[16].W (WORD32)
    port Do[19] of cell WORD[17].W (WORD32)
    port Do[19] of cell WORD[18].W (WORD32)
    port Do[19] of cell WORD[19].W (WORD32)
    port Do[19] of cell WORD[1].W (WORD32)
    port Do[19] of cell WORD[20].W (WORD32)
    port Do[19] of cell WORD[21].W (WORD32)
    port Do[19] of cell WORD[22].W (WORD32)
    port Do[19] of cell WORD[23].W (WORD32)
    port Do[19] of cell WORD[24].W (WORD32)
    port Do[19] of cell WORD[25].W (WORD32)
    port Do[19] of cell WORD[26].W (WORD32)
    port Do[19] of cell WORD[27].W (WORD32)
    port Do[19] of cell WORD[28].W (WORD32)
    port Do[19] of cell WORD[29].W (WORD32)
    port Do[19] of cell WORD[2].W (WORD32)
    port Do[19] of cell WORD[30].W (WORD32)
    port Do[19] of cell WORD[31].W (WORD32)
    port Do[19] of cell WORD[32].W (WORD32)
    port Do[19] of cell WORD[33].W (WORD32)
    port Do[19] of cell WORD[34].W (WORD32)
    port Do[19] of cell WORD[35].W (WORD32)
    port Do[19] of cell WORD[36].W (WORD32)
    port Do[19] of cell WORD[37].W (WORD32)
    port Do[19] of cell WORD[38].W (WORD32)
    port Do[19] of cell WORD[39].W (WORD32)
    port Do[19] of cell WORD[3].W (WORD32)
    port Do[19] of cell WORD[40].W (WORD32)
    port Do[19] of cell WORD[41].W (WORD32)
    port Do[19] of cell WORD[42].W (WORD32)
    port Do[19] of cell WORD[43].W (WORD32)
    port Do[19] of cell WORD[44].W (WORD32)
    port Do[19] of cell WORD[45].W (WORD32)
    port Do[19] of cell WORD[46].W (WORD32)
    port Do[19] of cell WORD[47].W (WORD32)
    port Do[19] of cell WORD[48].W (WORD32)
    port Do[19] of cell WORD[49].W (WORD32)
    port Do[19] of cell WORD[4].W (WORD32)
    port Do[19] of cell WORD[50].W (WORD32)
    port Do[19] of cell WORD[51].W (WORD32)
    port Do[19] of cell WORD[52].W (WORD32)
    port Do[19] of cell WORD[53].W (WORD32)
    port Do[19] of cell WORD[54].W (WORD32)
    port Do[19] of cell WORD[55].W (WORD32)
    port Do[19] of cell WORD[56].W (WORD32)
    port Do[19] of cell WORD[57].W (WORD32)
    port Do[19] of cell WORD[58].W (WORD32)
    port Do[19] of cell WORD[59].W (WORD32)
    port Do[19] of cell WORD[5].W (WORD32)
    port Do[19] of cell WORD[60].W (WORD32)
    port Do[19] of cell WORD[61].W (WORD32)
    port Do[19] of cell WORD[62].W (WORD32)
    port Do[19] of cell WORD[63].W (WORD32)
    port Do[19] of cell WORD[6].W (WORD32)
    port Do[19] of cell WORD[7].W (WORD32)
    port Do[19] of cell WORD[8].W (WORD32)
    port Do[19] of cell WORD[9].W (WORD32)
Warning: multiple conflicting drivers for SRAM64x32.\Do_pre[18]:
    port Z[0] of cell FLOATBUF[18] (sky130_fd_sc_hd__ebufn_4)
    port Do[18] of cell WORD[0].W (WORD32)
    port Do[18] of cell WORD[10].W (WORD32)
    port Do[18] of cell WORD[11].W (WORD32)
    port Do[18] of cell WORD[12].W (WORD32)
    port Do[18] of cell WORD[13].W (WORD32)
    port Do[18] of cell WORD[14].W (WORD32)
    port Do[18] of cell WORD[15].W (WORD32)
    port Do[18] of cell WORD[16].W (WORD32)
    port Do[18] of cell WORD[17].W (WORD32)
    port Do[18] of cell WORD[18].W (WORD32)
    port Do[18] of cell WORD[19].W (WORD32)
    port Do[18] of cell WORD[1].W (WORD32)
    port Do[18] of cell WORD[20].W (WORD32)
    port Do[18] of cell WORD[21].W (WORD32)
    port Do[18] of cell WORD[22].W (WORD32)
    port Do[18] of cell WORD[23].W (WORD32)
    port Do[18] of cell WORD[24].W (WORD32)
    port Do[18] of cell WORD[25].W (WORD32)
    port Do[18] of cell WORD[26].W (WORD32)
    port Do[18] of cell WORD[27].W (WORD32)
    port Do[18] of cell WORD[28].W (WORD32)
    port Do[18] of cell WORD[29].W (WORD32)
    port Do[18] of cell WORD[2].W (WORD32)
    port Do[18] of cell WORD[30].W (WORD32)
    port Do[18] of cell WORD[31].W (WORD32)
    port Do[18] of cell WORD[32].W (WORD32)
    port Do[18] of cell WORD[33].W (WORD32)
    port Do[18] of cell WORD[34].W (WORD32)
    port Do[18] of cell WORD[35].W (WORD32)
    port Do[18] of cell WORD[36].W (WORD32)
    port Do[18] of cell WORD[37].W (WORD32)
    port Do[18] of cell WORD[38].W (WORD32)
    port Do[18] of cell WORD[39].W (WORD32)
    port Do[18] of cell WORD[3].W (WORD32)
    port Do[18] of cell WORD[40].W (WORD32)
    port Do[18] of cell WORD[41].W (WORD32)
    port Do[18] of cell WORD[42].W (WORD32)
    port Do[18] of cell WORD[43].W (WORD32)
    port Do[18] of cell WORD[44].W (WORD32)
    port Do[18] of cell WORD[45].W (WORD32)
    port Do[18] of cell WORD[46].W (WORD32)
    port Do[18] of cell WORD[47].W (WORD32)
    port Do[18] of cell WORD[48].W (WORD32)
    port Do[18] of cell WORD[49].W (WORD32)
    port Do[18] of cell WORD[4].W (WORD32)
    port Do[18] of cell WORD[50].W (WORD32)
    port Do[18] of cell WORD[51].W (WORD32)
    port Do[18] of cell WORD[52].W (WORD32)
    port Do[18] of cell WORD[53].W (WORD32)
    port Do[18] of cell WORD[54].W (WORD32)
    port Do[18] of cell WORD[55].W (WORD32)
    port Do[18] of cell WORD[56].W (WORD32)
    port Do[18] of cell WORD[57].W (WORD32)
    port Do[18] of cell WORD[58].W (WORD32)
    port Do[18] of cell WORD[59].W (WORD32)
    port Do[18] of cell WORD[5].W (WORD32)
    port Do[18] of cell WORD[60].W (WORD32)
    port Do[18] of cell WORD[61].W (WORD32)
    port Do[18] of cell WORD[62].W (WORD32)
    port Do[18] of cell WORD[63].W (WORD32)
    port Do[18] of cell WORD[6].W (WORD32)
    port Do[18] of cell WORD[7].W (WORD32)
    port Do[18] of cell WORD[8].W (WORD32)
    port Do[18] of cell WORD[9].W (WORD32)
Warning: multiple conflicting drivers for SRAM64x32.\Do_pre[17]:
    port Z[0] of cell FLOATBUF[17] (sky130_fd_sc_hd__ebufn_4)
    port Do[17] of cell WORD[0].W (WORD32)
    port Do[17] of cell WORD[10].W (WORD32)
    port Do[17] of cell WORD[11].W (WORD32)
    port Do[17] of cell WORD[12].W (WORD32)
    port Do[17] of cell WORD[13].W (WORD32)
    port Do[17] of cell WORD[14].W (WORD32)
    port Do[17] of cell WORD[15].W (WORD32)
    port Do[17] of cell WORD[16].W (WORD32)
    port Do[17] of cell WORD[17].W (WORD32)
    port Do[17] of cell WORD[18].W (WORD32)
    port Do[17] of cell WORD[19].W (WORD32)
    port Do[17] of cell WORD[1].W (WORD32)
    port Do[17] of cell WORD[20].W (WORD32)
    port Do[17] of cell WORD[21].W (WORD32)
    port Do[17] of cell WORD[22].W (WORD32)
    port Do[17] of cell WORD[23].W (WORD32)
    port Do[17] of cell WORD[24].W (WORD32)
    port Do[17] of cell WORD[25].W (WORD32)
    port Do[17] of cell WORD[26].W (WORD32)
    port Do[17] of cell WORD[27].W (WORD32)
    port Do[17] of cell WORD[28].W (WORD32)
    port Do[17] of cell WORD[29].W (WORD32)
    port Do[17] of cell WORD[2].W (WORD32)
    port Do[17] of cell WORD[30].W (WORD32)
    port Do[17] of cell WORD[31].W (WORD32)
    port Do[17] of cell WORD[32].W (WORD32)
    port Do[17] of cell WORD[33].W (WORD32)
    port Do[17] of cell WORD[34].W (WORD32)
    port Do[17] of cell WORD[35].W (WORD32)
    port Do[17] of cell WORD[36].W (WORD32)
    port Do[17] of cell WORD[37].W (WORD32)
    port Do[17] of cell WORD[38].W (WORD32)
    port Do[17] of cell WORD[39].W (WORD32)
    port Do[17] of cell WORD[3].W (WORD32)
    port Do[17] of cell WORD[40].W (WORD32)
    port Do[17] of cell WORD[41].W (WORD32)
    port Do[17] of cell WORD[42].W (WORD32)
    port Do[17] of cell WORD[43].W (WORD32)
    port Do[17] of cell WORD[44].W (WORD32)
    port Do[17] of cell WORD[45].W (WORD32)
    port Do[17] of cell WORD[46].W (WORD32)
    port Do[17] of cell WORD[47].W (WORD32)
    port Do[17] of cell WORD[48].W (WORD32)
    port Do[17] of cell WORD[49].W (WORD32)
    port Do[17] of cell WORD[4].W (WORD32)
    port Do[17] of cell WORD[50].W (WORD32)
    port Do[17] of cell WORD[51].W (WORD32)
    port Do[17] of cell WORD[52].W (WORD32)
    port Do[17] of cell WORD[53].W (WORD32)
    port Do[17] of cell WORD[54].W (WORD32)
    port Do[17] of cell WORD[55].W (WORD32)
    port Do[17] of cell WORD[56].W (WORD32)
    port Do[17] of cell WORD[57].W (WORD32)
    port Do[17] of cell WORD[58].W (WORD32)
    port Do[17] of cell WORD[59].W (WORD32)
    port Do[17] of cell WORD[5].W (WORD32)
    port Do[17] of cell WORD[60].W (WORD32)
    port Do[17] of cell WORD[61].W (WORD32)
    port Do[17] of cell WORD[62].W (WORD32)
    port Do[17] of cell WORD[63].W (WORD32)
    port Do[17] of cell WORD[6].W (WORD32)
    port Do[17] of cell WORD[7].W (WORD32)
    port Do[17] of cell WORD[8].W (WORD32)
    port Do[17] of cell WORD[9].W (WORD32)
Warning: multiple conflicting drivers for SRAM64x32.\Do_pre[16]:
    port Z[0] of cell FLOATBUF[16] (sky130_fd_sc_hd__ebufn_4)
    port Do[16] of cell WORD[0].W (WORD32)
    port Do[16] of cell WORD[10].W (WORD32)
    port Do[16] of cell WORD[11].W (WORD32)
    port Do[16] of cell WORD[12].W (WORD32)
    port Do[16] of cell WORD[13].W (WORD32)
    port Do[16] of cell WORD[14].W (WORD32)
    port Do[16] of cell WORD[15].W (WORD32)
    port Do[16] of cell WORD[16].W (WORD32)
    port Do[16] of cell WORD[17].W (WORD32)
    port Do[16] of cell WORD[18].W (WORD32)
    port Do[16] of cell WORD[19].W (WORD32)
    port Do[16] of cell WORD[1].W (WORD32)
    port Do[16] of cell WORD[20].W (WORD32)
    port Do[16] of cell WORD[21].W (WORD32)
    port Do[16] of cell WORD[22].W (WORD32)
    port Do[16] of cell WORD[23].W (WORD32)
    port Do[16] of cell WORD[24].W (WORD32)
    port Do[16] of cell WORD[25].W (WORD32)
    port Do[16] of cell WORD[26].W (WORD32)
    port Do[16] of cell WORD[27].W (WORD32)
    port Do[16] of cell WORD[28].W (WORD32)
    port Do[16] of cell WORD[29].W (WORD32)
    port Do[16] of cell WORD[2].W (WORD32)
    port Do[16] of cell WORD[30].W (WORD32)
    port Do[16] of cell WORD[31].W (WORD32)
    port Do[16] of cell WORD[32].W (WORD32)
    port Do[16] of cell WORD[33].W (WORD32)
    port Do[16] of cell WORD[34].W (WORD32)
    port Do[16] of cell WORD[35].W (WORD32)
    port Do[16] of cell WORD[36].W (WORD32)
    port Do[16] of cell WORD[37].W (WORD32)
    port Do[16] of cell WORD[38].W (WORD32)
    port Do[16] of cell WORD[39].W (WORD32)
    port Do[16] of cell WORD[3].W (WORD32)
    port Do[16] of cell WORD[40].W (WORD32)
    port Do[16] of cell WORD[41].W (WORD32)
    port Do[16] of cell WORD[42].W (WORD32)
    port Do[16] of cell WORD[43].W (WORD32)
    port Do[16] of cell WORD[44].W (WORD32)
    port Do[16] of cell WORD[45].W (WORD32)
    port Do[16] of cell WORD[46].W (WORD32)
    port Do[16] of cell WORD[47].W (WORD32)
    port Do[16] of cell WORD[48].W (WORD32)
    port Do[16] of cell WORD[49].W (WORD32)
    port Do[16] of cell WORD[4].W (WORD32)
    port Do[16] of cell WORD[50].W (WORD32)
    port Do[16] of cell WORD[51].W (WORD32)
    port Do[16] of cell WORD[52].W (WORD32)
    port Do[16] of cell WORD[53].W (WORD32)
    port Do[16] of cell WORD[54].W (WORD32)
    port Do[16] of cell WORD[55].W (WORD32)
    port Do[16] of cell WORD[56].W (WORD32)
    port Do[16] of cell WORD[57].W (WORD32)
    port Do[16] of cell WORD[58].W (WORD32)
    port Do[16] of cell WORD[59].W (WORD32)
    port Do[16] of cell WORD[5].W (WORD32)
    port Do[16] of cell WORD[60].W (WORD32)
    port Do[16] of cell WORD[61].W (WORD32)
    port Do[16] of cell WORD[62].W (WORD32)
    port Do[16] of cell WORD[63].W (WORD32)
    port Do[16] of cell WORD[6].W (WORD32)
    port Do[16] of cell WORD[7].W (WORD32)
    port Do[16] of cell WORD[8].W (WORD32)
    port Do[16] of cell WORD[9].W (WORD32)
Warning: multiple conflicting drivers for SRAM64x32.\Do_pre[15]:
    port Z[0] of cell FLOATBUF[15] (sky130_fd_sc_hd__ebufn_4)
    port Do[15] of cell WORD[0].W (WORD32)
    port Do[15] of cell WORD[10].W (WORD32)
    port Do[15] of cell WORD[11].W (WORD32)
    port Do[15] of cell WORD[12].W (WORD32)
    port Do[15] of cell WORD[13].W (WORD32)
    port Do[15] of cell WORD[14].W (WORD32)
    port Do[15] of cell WORD[15].W (WORD32)
    port Do[15] of cell WORD[16].W (WORD32)
    port Do[15] of cell WORD[17].W (WORD32)
    port Do[15] of cell WORD[18].W (WORD32)
    port Do[15] of cell WORD[19].W (WORD32)
    port Do[15] of cell WORD[1].W (WORD32)
    port Do[15] of cell WORD[20].W (WORD32)
    port Do[15] of cell WORD[21].W (WORD32)
    port Do[15] of cell WORD[22].W (WORD32)
    port Do[15] of cell WORD[23].W (WORD32)
    port Do[15] of cell WORD[24].W (WORD32)
    port Do[15] of cell WORD[25].W (WORD32)
    port Do[15] of cell WORD[26].W (WORD32)
    port Do[15] of cell WORD[27].W (WORD32)
    port Do[15] of cell WORD[28].W (WORD32)
    port Do[15] of cell WORD[29].W (WORD32)
    port Do[15] of cell WORD[2].W (WORD32)
    port Do[15] of cell WORD[30].W (WORD32)
    port Do[15] of cell WORD[31].W (WORD32)
    port Do[15] of cell WORD[32].W (WORD32)
    port Do[15] of cell WORD[33].W (WORD32)
    port Do[15] of cell WORD[34].W (WORD32)
    port Do[15] of cell WORD[35].W (WORD32)
    port Do[15] of cell WORD[36].W (WORD32)
    port Do[15] of cell WORD[37].W (WORD32)
    port Do[15] of cell WORD[38].W (WORD32)
    port Do[15] of cell WORD[39].W (WORD32)
    port Do[15] of cell WORD[3].W (WORD32)
    port Do[15] of cell WORD[40].W (WORD32)
    port Do[15] of cell WORD[41].W (WORD32)
    port Do[15] of cell WORD[42].W (WORD32)
    port Do[15] of cell WORD[43].W (WORD32)
    port Do[15] of cell WORD[44].W (WORD32)
    port Do[15] of cell WORD[45].W (WORD32)
    port Do[15] of cell WORD[46].W (WORD32)
    port Do[15] of cell WORD[47].W (WORD32)
    port Do[15] of cell WORD[48].W (WORD32)
    port Do[15] of cell WORD[49].W (WORD32)
    port Do[15] of cell WORD[4].W (WORD32)
    port Do[15] of cell WORD[50].W (WORD32)
    port Do[15] of cell WORD[51].W (WORD32)
    port Do[15] of cell WORD[52].W (WORD32)
    port Do[15] of cell WORD[53].W (WORD32)
    port Do[15] of cell WORD[54].W (WORD32)
    port Do[15] of cell WORD[55].W (WORD32)
    port Do[15] of cell WORD[56].W (WORD32)
    port Do[15] of cell WORD[57].W (WORD32)
    port Do[15] of cell WORD[58].W (WORD32)
    port Do[15] of cell WORD[59].W (WORD32)
    port Do[15] of cell WORD[5].W (WORD32)
    port Do[15] of cell WORD[60].W (WORD32)
    port Do[15] of cell WORD[61].W (WORD32)
    port Do[15] of cell WORD[62].W (WORD32)
    port Do[15] of cell WORD[63].W (WORD32)
    port Do[15] of cell WORD[6].W (WORD32)
    port Do[15] of cell WORD[7].W (WORD32)
    port Do[15] of cell WORD[8].W (WORD32)
    port Do[15] of cell WORD[9].W (WORD32)
Warning: multiple conflicting drivers for SRAM64x32.\Do_pre[14]:
    port Z[0] of cell FLOATBUF[14] (sky130_fd_sc_hd__ebufn_4)
    port Do[14] of cell WORD[0].W (WORD32)
    port Do[14] of cell WORD[10].W (WORD32)
    port Do[14] of cell WORD[11].W (WORD32)
    port Do[14] of cell WORD[12].W (WORD32)
    port Do[14] of cell WORD[13].W (WORD32)
    port Do[14] of cell WORD[14].W (WORD32)
    port Do[14] of cell WORD[15].W (WORD32)
    port Do[14] of cell WORD[16].W (WORD32)
    port Do[14] of cell WORD[17].W (WORD32)
    port Do[14] of cell WORD[18].W (WORD32)
    port Do[14] of cell WORD[19].W (WORD32)
    port Do[14] of cell WORD[1].W (WORD32)
    port Do[14] of cell WORD[20].W (WORD32)
    port Do[14] of cell WORD[21].W (WORD32)
    port Do[14] of cell WORD[22].W (WORD32)
    port Do[14] of cell WORD[23].W (WORD32)
    port Do[14] of cell WORD[24].W (WORD32)
    port Do[14] of cell WORD[25].W (WORD32)
    port Do[14] of cell WORD[26].W (WORD32)
    port Do[14] of cell WORD[27].W (WORD32)
    port Do[14] of cell WORD[28].W (WORD32)
    port Do[14] of cell WORD[29].W (WORD32)
    port Do[14] of cell WORD[2].W (WORD32)
    port Do[14] of cell WORD[30].W (WORD32)
    port Do[14] of cell WORD[31].W (WORD32)
    port Do[14] of cell WORD[32].W (WORD32)
    port Do[14] of cell WORD[33].W (WORD32)
    port Do[14] of cell WORD[34].W (WORD32)
    port Do[14] of cell WORD[35].W (WORD32)
    port Do[14] of cell WORD[36].W (WORD32)
    port Do[14] of cell WORD[37].W (WORD32)
    port Do[14] of cell WORD[38].W (WORD32)
    port Do[14] of cell WORD[39].W (WORD32)
    port Do[14] of cell WORD[3].W (WORD32)
    port Do[14] of cell WORD[40].W (WORD32)
    port Do[14] of cell WORD[41].W (WORD32)
    port Do[14] of cell WORD[42].W (WORD32)
    port Do[14] of cell WORD[43].W (WORD32)
    port Do[14] of cell WORD[44].W (WORD32)
    port Do[14] of cell WORD[45].W (WORD32)
    port Do[14] of cell WORD[46].W (WORD32)
    port Do[14] of cell WORD[47].W (WORD32)
    port Do[14] of cell WORD[48].W (WORD32)
    port Do[14] of cell WORD[49].W (WORD32)
    port Do[14] of cell WORD[4].W (WORD32)
    port Do[14] of cell WORD[50].W (WORD32)
    port Do[14] of cell WORD[51].W (WORD32)
    port Do[14] of cell WORD[52].W (WORD32)
    port Do[14] of cell WORD[53].W (WORD32)
    port Do[14] of cell WORD[54].W (WORD32)
    port Do[14] of cell WORD[55].W (WORD32)
    port Do[14] of cell WORD[56].W (WORD32)
    port Do[14] of cell WORD[57].W (WORD32)
    port Do[14] of cell WORD[58].W (WORD32)
    port Do[14] of cell WORD[59].W (WORD32)
    port Do[14] of cell WORD[5].W (WORD32)
    port Do[14] of cell WORD[60].W (WORD32)
    port Do[14] of cell WORD[61].W (WORD32)
    port Do[14] of cell WORD[62].W (WORD32)
    port Do[14] of cell WORD[63].W (WORD32)
    port Do[14] of cell WORD[6].W (WORD32)
    port Do[14] of cell WORD[7].W (WORD32)
    port Do[14] of cell WORD[8].W (WORD32)
    port Do[14] of cell WORD[9].W (WORD32)
Warning: multiple conflicting drivers for SRAM64x32.\Do_pre[13]:
    port Z[0] of cell FLOATBUF[13] (sky130_fd_sc_hd__ebufn_4)
    port Do[13] of cell WORD[0].W (WORD32)
    port Do[13] of cell WORD[10].W (WORD32)
    port Do[13] of cell WORD[11].W (WORD32)
    port Do[13] of cell WORD[12].W (WORD32)
    port Do[13] of cell WORD[13].W (WORD32)
    port Do[13] of cell WORD[14].W (WORD32)
    port Do[13] of cell WORD[15].W (WORD32)
    port Do[13] of cell WORD[16].W (WORD32)
    port Do[13] of cell WORD[17].W (WORD32)
    port Do[13] of cell WORD[18].W (WORD32)
    port Do[13] of cell WORD[19].W (WORD32)
    port Do[13] of cell WORD[1].W (WORD32)
    port Do[13] of cell WORD[20].W (WORD32)
    port Do[13] of cell WORD[21].W (WORD32)
    port Do[13] of cell WORD[22].W (WORD32)
    port Do[13] of cell WORD[23].W (WORD32)
    port Do[13] of cell WORD[24].W (WORD32)
    port Do[13] of cell WORD[25].W (WORD32)
    port Do[13] of cell WORD[26].W (WORD32)
    port Do[13] of cell WORD[27].W (WORD32)
    port Do[13] of cell WORD[28].W (WORD32)
    port Do[13] of cell WORD[29].W (WORD32)
    port Do[13] of cell WORD[2].W (WORD32)
    port Do[13] of cell WORD[30].W (WORD32)
    port Do[13] of cell WORD[31].W (WORD32)
    port Do[13] of cell WORD[32].W (WORD32)
    port Do[13] of cell WORD[33].W (WORD32)
    port Do[13] of cell WORD[34].W (WORD32)
    port Do[13] of cell WORD[35].W (WORD32)
    port Do[13] of cell WORD[36].W (WORD32)
    port Do[13] of cell WORD[37].W (WORD32)
    port Do[13] of cell WORD[38].W (WORD32)
    port Do[13] of cell WORD[39].W (WORD32)
    port Do[13] of cell WORD[3].W (WORD32)
    port Do[13] of cell WORD[40].W (WORD32)
    port Do[13] of cell WORD[41].W (WORD32)
    port Do[13] of cell WORD[42].W (WORD32)
    port Do[13] of cell WORD[43].W (WORD32)
    port Do[13] of cell WORD[44].W (WORD32)
    port Do[13] of cell WORD[45].W (WORD32)
    port Do[13] of cell WORD[46].W (WORD32)
    port Do[13] of cell WORD[47].W (WORD32)
    port Do[13] of cell WORD[48].W (WORD32)
    port Do[13] of cell WORD[49].W (WORD32)
    port Do[13] of cell WORD[4].W (WORD32)
    port Do[13] of cell WORD[50].W (WORD32)
    port Do[13] of cell WORD[51].W (WORD32)
    port Do[13] of cell WORD[52].W (WORD32)
    port Do[13] of cell WORD[53].W (WORD32)
    port Do[13] of cell WORD[54].W (WORD32)
    port Do[13] of cell WORD[55].W (WORD32)
    port Do[13] of cell WORD[56].W (WORD32)
    port Do[13] of cell WORD[57].W (WORD32)
    port Do[13] of cell WORD[58].W (WORD32)
    port Do[13] of cell WORD[59].W (WORD32)
    port Do[13] of cell WORD[5].W (WORD32)
    port Do[13] of cell WORD[60].W (WORD32)
    port Do[13] of cell WORD[61].W (WORD32)
    port Do[13] of cell WORD[62].W (WORD32)
    port Do[13] of cell WORD[63].W (WORD32)
    port Do[13] of cell WORD[6].W (WORD32)
    port Do[13] of cell WORD[7].W (WORD32)
    port Do[13] of cell WORD[8].W (WORD32)
    port Do[13] of cell WORD[9].W (WORD32)
Warning: multiple conflicting drivers for SRAM64x32.\Do_pre[12]:
    port Z[0] of cell FLOATBUF[12] (sky130_fd_sc_hd__ebufn_4)
    port Do[12] of cell WORD[0].W (WORD32)
    port Do[12] of cell WORD[10].W (WORD32)
    port Do[12] of cell WORD[11].W (WORD32)
    port Do[12] of cell WORD[12].W (WORD32)
    port Do[12] of cell WORD[13].W (WORD32)
    port Do[12] of cell WORD[14].W (WORD32)
    port Do[12] of cell WORD[15].W (WORD32)
    port Do[12] of cell WORD[16].W (WORD32)
    port Do[12] of cell WORD[17].W (WORD32)
    port Do[12] of cell WORD[18].W (WORD32)
    port Do[12] of cell WORD[19].W (WORD32)
    port Do[12] of cell WORD[1].W (WORD32)
    port Do[12] of cell WORD[20].W (WORD32)
    port Do[12] of cell WORD[21].W (WORD32)
    port Do[12] of cell WORD[22].W (WORD32)
    port Do[12] of cell WORD[23].W (WORD32)
    port Do[12] of cell WORD[24].W (WORD32)
    port Do[12] of cell WORD[25].W (WORD32)
    port Do[12] of cell WORD[26].W (WORD32)
    port Do[12] of cell WORD[27].W (WORD32)
    port Do[12] of cell WORD[28].W (WORD32)
    port Do[12] of cell WORD[29].W (WORD32)
    port Do[12] of cell WORD[2].W (WORD32)
    port Do[12] of cell WORD[30].W (WORD32)
    port Do[12] of cell WORD[31].W (WORD32)
    port Do[12] of cell WORD[32].W (WORD32)
    port Do[12] of cell WORD[33].W (WORD32)
    port Do[12] of cell WORD[34].W (WORD32)
    port Do[12] of cell WORD[35].W (WORD32)
    port Do[12] of cell WORD[36].W (WORD32)
    port Do[12] of cell WORD[37].W (WORD32)
    port Do[12] of cell WORD[38].W (WORD32)
    port Do[12] of cell WORD[39].W (WORD32)
    port Do[12] of cell WORD[3].W (WORD32)
    port Do[12] of cell WORD[40].W (WORD32)
    port Do[12] of cell WORD[41].W (WORD32)
    port Do[12] of cell WORD[42].W (WORD32)
    port Do[12] of cell WORD[43].W (WORD32)
    port Do[12] of cell WORD[44].W (WORD32)
    port Do[12] of cell WORD[45].W (WORD32)
    port Do[12] of cell WORD[46].W (WORD32)
    port Do[12] of cell WORD[47].W (WORD32)
    port Do[12] of cell WORD[48].W (WORD32)
    port Do[12] of cell WORD[49].W (WORD32)
    port Do[12] of cell WORD[4].W (WORD32)
    port Do[12] of cell WORD[50].W (WORD32)
    port Do[12] of cell WORD[51].W (WORD32)
    port Do[12] of cell WORD[52].W (WORD32)
    port Do[12] of cell WORD[53].W (WORD32)
    port Do[12] of cell WORD[54].W (WORD32)
    port Do[12] of cell WORD[55].W (WORD32)
    port Do[12] of cell WORD[56].W (WORD32)
    port Do[12] of cell WORD[57].W (WORD32)
    port Do[12] of cell WORD[58].W (WORD32)
    port Do[12] of cell WORD[59].W (WORD32)
    port Do[12] of cell WORD[5].W (WORD32)
    port Do[12] of cell WORD[60].W (WORD32)
    port Do[12] of cell WORD[61].W (WORD32)
    port Do[12] of cell WORD[62].W (WORD32)
    port Do[12] of cell WORD[63].W (WORD32)
    port Do[12] of cell WORD[6].W (WORD32)
    port Do[12] of cell WORD[7].W (WORD32)
    port Do[12] of cell WORD[8].W (WORD32)
    port Do[12] of cell WORD[9].W (WORD32)
Warning: multiple conflicting drivers for SRAM64x32.\Do_pre[11]:
    port Z[0] of cell FLOATBUF[11] (sky130_fd_sc_hd__ebufn_4)
    port Do[11] of cell WORD[0].W (WORD32)
    port Do[11] of cell WORD[10].W (WORD32)
    port Do[11] of cell WORD[11].W (WORD32)
    port Do[11] of cell WORD[12].W (WORD32)
    port Do[11] of cell WORD[13].W (WORD32)
    port Do[11] of cell WORD[14].W (WORD32)
    port Do[11] of cell WORD[15].W (WORD32)
    port Do[11] of cell WORD[16].W (WORD32)
    port Do[11] of cell WORD[17].W (WORD32)
    port Do[11] of cell WORD[18].W (WORD32)
    port Do[11] of cell WORD[19].W (WORD32)
    port Do[11] of cell WORD[1].W (WORD32)
    port Do[11] of cell WORD[20].W (WORD32)
    port Do[11] of cell WORD[21].W (WORD32)
    port Do[11] of cell WORD[22].W (WORD32)
    port Do[11] of cell WORD[23].W (WORD32)
    port Do[11] of cell WORD[24].W (WORD32)
    port Do[11] of cell WORD[25].W (WORD32)
    port Do[11] of cell WORD[26].W (WORD32)
    port Do[11] of cell WORD[27].W (WORD32)
    port Do[11] of cell WORD[28].W (WORD32)
    port Do[11] of cell WORD[29].W (WORD32)
    port Do[11] of cell WORD[2].W (WORD32)
    port Do[11] of cell WORD[30].W (WORD32)
    port Do[11] of cell WORD[31].W (WORD32)
    port Do[11] of cell WORD[32].W (WORD32)
    port Do[11] of cell WORD[33].W (WORD32)
    port Do[11] of cell WORD[34].W (WORD32)
    port Do[11] of cell WORD[35].W (WORD32)
    port Do[11] of cell WORD[36].W (WORD32)
    port Do[11] of cell WORD[37].W (WORD32)
    port Do[11] of cell WORD[38].W (WORD32)
    port Do[11] of cell WORD[39].W (WORD32)
    port Do[11] of cell WORD[3].W (WORD32)
    port Do[11] of cell WORD[40].W (WORD32)
    port Do[11] of cell WORD[41].W (WORD32)
    port Do[11] of cell WORD[42].W (WORD32)
    port Do[11] of cell WORD[43].W (WORD32)
    port Do[11] of cell WORD[44].W (WORD32)
    port Do[11] of cell WORD[45].W (WORD32)
    port Do[11] of cell WORD[46].W (WORD32)
    port Do[11] of cell WORD[47].W (WORD32)
    port Do[11] of cell WORD[48].W (WORD32)
    port Do[11] of cell WORD[49].W (WORD32)
    port Do[11] of cell WORD[4].W (WORD32)
    port Do[11] of cell WORD[50].W (WORD32)
    port Do[11] of cell WORD[51].W (WORD32)
    port Do[11] of cell WORD[52].W (WORD32)
    port Do[11] of cell WORD[53].W (WORD32)
    port Do[11] of cell WORD[54].W (WORD32)
    port Do[11] of cell WORD[55].W (WORD32)
    port Do[11] of cell WORD[56].W (WORD32)
    port Do[11] of cell WORD[57].W (WORD32)
    port Do[11] of cell WORD[58].W (WORD32)
    port Do[11] of cell WORD[59].W (WORD32)
    port Do[11] of cell WORD[5].W (WORD32)
    port Do[11] of cell WORD[60].W (WORD32)
    port Do[11] of cell WORD[61].W (WORD32)
    port Do[11] of cell WORD[62].W (WORD32)
    port Do[11] of cell WORD[63].W (WORD32)
    port Do[11] of cell WORD[6].W (WORD32)
    port Do[11] of cell WORD[7].W (WORD32)
    port Do[11] of cell WORD[8].W (WORD32)
    port Do[11] of cell WORD[9].W (WORD32)
Warning: multiple conflicting drivers for SRAM64x32.\Do_pre[10]:
    port Z[0] of cell FLOATBUF[10] (sky130_fd_sc_hd__ebufn_4)
    port Do[10] of cell WORD[0].W (WORD32)
    port Do[10] of cell WORD[10].W (WORD32)
    port Do[10] of cell WORD[11].W (WORD32)
    port Do[10] of cell WORD[12].W (WORD32)
    port Do[10] of cell WORD[13].W (WORD32)
    port Do[10] of cell WORD[14].W (WORD32)
    port Do[10] of cell WORD[15].W (WORD32)
    port Do[10] of cell WORD[16].W (WORD32)
    port Do[10] of cell WORD[17].W (WORD32)
    port Do[10] of cell WORD[18].W (WORD32)
    port Do[10] of cell WORD[19].W (WORD32)
    port Do[10] of cell WORD[1].W (WORD32)
    port Do[10] of cell WORD[20].W (WORD32)
    port Do[10] of cell WORD[21].W (WORD32)
    port Do[10] of cell WORD[22].W (WORD32)
    port Do[10] of cell WORD[23].W (WORD32)
    port Do[10] of cell WORD[24].W (WORD32)
    port Do[10] of cell WORD[25].W (WORD32)
    port Do[10] of cell WORD[26].W (WORD32)
    port Do[10] of cell WORD[27].W (WORD32)
    port Do[10] of cell WORD[28].W (WORD32)
    port Do[10] of cell WORD[29].W (WORD32)
    port Do[10] of cell WORD[2].W (WORD32)
    port Do[10] of cell WORD[30].W (WORD32)
    port Do[10] of cell WORD[31].W (WORD32)
    port Do[10] of cell WORD[32].W (WORD32)
    port Do[10] of cell WORD[33].W (WORD32)
    port Do[10] of cell WORD[34].W (WORD32)
    port Do[10] of cell WORD[35].W (WORD32)
    port Do[10] of cell WORD[36].W (WORD32)
    port Do[10] of cell WORD[37].W (WORD32)
    port Do[10] of cell WORD[38].W (WORD32)
    port Do[10] of cell WORD[39].W (WORD32)
    port Do[10] of cell WORD[3].W (WORD32)
    port Do[10] of cell WORD[40].W (WORD32)
    port Do[10] of cell WORD[41].W (WORD32)
    port Do[10] of cell WORD[42].W (WORD32)
    port Do[10] of cell WORD[43].W (WORD32)
    port Do[10] of cell WORD[44].W (WORD32)
    port Do[10] of cell WORD[45].W (WORD32)
    port Do[10] of cell WORD[46].W (WORD32)
    port Do[10] of cell WORD[47].W (WORD32)
    port Do[10] of cell WORD[48].W (WORD32)
    port Do[10] of cell WORD[49].W (WORD32)
    port Do[10] of cell WORD[4].W (WORD32)
    port Do[10] of cell WORD[50].W (WORD32)
    port Do[10] of cell WORD[51].W (WORD32)
    port Do[10] of cell WORD[52].W (WORD32)
    port Do[10] of cell WORD[53].W (WORD32)
    port Do[10] of cell WORD[54].W (WORD32)
    port Do[10] of cell WORD[55].W (WORD32)
    port Do[10] of cell WORD[56].W (WORD32)
    port Do[10] of cell WORD[57].W (WORD32)
    port Do[10] of cell WORD[58].W (WORD32)
    port Do[10] of cell WORD[59].W (WORD32)
    port Do[10] of cell WORD[5].W (WORD32)
    port Do[10] of cell WORD[60].W (WORD32)
    port Do[10] of cell WORD[61].W (WORD32)
    port Do[10] of cell WORD[62].W (WORD32)
    port Do[10] of cell WORD[63].W (WORD32)
    port Do[10] of cell WORD[6].W (WORD32)
    port Do[10] of cell WORD[7].W (WORD32)
    port Do[10] of cell WORD[8].W (WORD32)
    port Do[10] of cell WORD[9].W (WORD32)
Warning: multiple conflicting drivers for SRAM64x32.\Do_pre[0]:
    port Z[0] of cell FLOATBUF[0] (sky130_fd_sc_hd__ebufn_4)
    port Do[0] of cell WORD[0].W (WORD32)
    port Do[0] of cell WORD[10].W (WORD32)
    port Do[0] of cell WORD[11].W (WORD32)
    port Do[0] of cell WORD[12].W (WORD32)
    port Do[0] of cell WORD[13].W (WORD32)
    port Do[0] of cell WORD[14].W (WORD32)
    port Do[0] of cell WORD[15].W (WORD32)
    port Do[0] of cell WORD[16].W (WORD32)
    port Do[0] of cell WORD[17].W (WORD32)
    port Do[0] of cell WORD[18].W (WORD32)
    port Do[0] of cell WORD[19].W (WORD32)
    port Do[0] of cell WORD[1].W (WORD32)
    port Do[0] of cell WORD[20].W (WORD32)
    port Do[0] of cell WORD[21].W (WORD32)
    port Do[0] of cell WORD[22].W (WORD32)
    port Do[0] of cell WORD[23].W (WORD32)
    port Do[0] of cell WORD[24].W (WORD32)
    port Do[0] of cell WORD[25].W (WORD32)
    port Do[0] of cell WORD[26].W (WORD32)
    port Do[0] of cell WORD[27].W (WORD32)
    port Do[0] of cell WORD[28].W (WORD32)
    port Do[0] of cell WORD[29].W (WORD32)
    port Do[0] of cell WORD[2].W (WORD32)
    port Do[0] of cell WORD[30].W (WORD32)
    port Do[0] of cell WORD[31].W (WORD32)
    port Do[0] of cell WORD[32].W (WORD32)
    port Do[0] of cell WORD[33].W (WORD32)
    port Do[0] of cell WORD[34].W (WORD32)
    port Do[0] of cell WORD[35].W (WORD32)
    port Do[0] of cell WORD[36].W (WORD32)
    port Do[0] of cell WORD[37].W (WORD32)
    port Do[0] of cell WORD[38].W (WORD32)
    port Do[0] of cell WORD[39].W (WORD32)
    port Do[0] of cell WORD[3].W (WORD32)
    port Do[0] of cell WORD[40].W (WORD32)
    port Do[0] of cell WORD[41].W (WORD32)
    port Do[0] of cell WORD[42].W (WORD32)
    port Do[0] of cell WORD[43].W (WORD32)
    port Do[0] of cell WORD[44].W (WORD32)
    port Do[0] of cell WORD[45].W (WORD32)
    port Do[0] of cell WORD[46].W (WORD32)
    port Do[0] of cell WORD[47].W (WORD32)
    port Do[0] of cell WORD[48].W (WORD32)
    port Do[0] of cell WORD[49].W (WORD32)
    port Do[0] of cell WORD[4].W (WORD32)
    port Do[0] of cell WORD[50].W (WORD32)
    port Do[0] of cell WORD[51].W (WORD32)
    port Do[0] of cell WORD[52].W (WORD32)
    port Do[0] of cell WORD[53].W (WORD32)
    port Do[0] of cell WORD[54].W (WORD32)
    port Do[0] of cell WORD[55].W (WORD32)
    port Do[0] of cell WORD[56].W (WORD32)
    port Do[0] of cell WORD[57].W (WORD32)
    port Do[0] of cell WORD[58].W (WORD32)
    port Do[0] of cell WORD[59].W (WORD32)
    port Do[0] of cell WORD[5].W (WORD32)
    port Do[0] of cell WORD[60].W (WORD32)
    port Do[0] of cell WORD[61].W (WORD32)
    port Do[0] of cell WORD[62].W (WORD32)
    port Do[0] of cell WORD[63].W (WORD32)
    port Do[0] of cell WORD[6].W (WORD32)
    port Do[0] of cell WORD[7].W (WORD32)
    port Do[0] of cell WORD[8].W (WORD32)
    port Do[0] of cell WORD[9].W (WORD32)
checking module WORD32..
found and reported 32 problems.
