
9. Printing statistics.

=== DFFRAM ===

   Number of wires:              12035
   Number of wire bits:          12107
   Number of public wires:       12035
   Number of public wire bits:   12107
   Number of memories:               0
   Number of memory bits:            0
   Number of processes:              0
   Number of cells:              20253
     sky130_fd_sc_hd__and2_1      1024
     sky130_fd_sc_hd__and3_2         1
     sky130_fd_sc_hd__and3b_2        2
     sky130_fd_sc_hd__and4_2        36
     sky130_fd_sc_hd__and4b_2      108
     sky130_fd_sc_hd__and4bb_2     108
     sky130_fd_sc_hd__clkbuf_16    148
     sky130_fd_sc_hd__clkbuf_4      32
     sky130_fd_sc_hd__clkbuf_8      37
     sky130_fd_sc_hd__dfxtp_1     8320
     sky130_fd_sc_hd__dlclkp_1    1024
     sky130_fd_sc_hd__ebufn_2     8192
     sky130_fd_sc_hd__ebufn_4      128
     sky130_fd_sc_hd__inv_1       1024
     sky130_fd_sc_hd__mux4_1        32
     sky130_fd_sc_hd__nor3b_2        1
     sky130_fd_sc_hd__nor4b_2       36

   Area for cell type \sky130_fd_sc_hd__and2_1 is unknown!
   Area for cell type \sky130_fd_sc_hd__and3_2 is unknown!
   Area for cell type \sky130_fd_sc_hd__and3b_2 is unknown!
   Area for cell type \sky130_fd_sc_hd__and4_2 is unknown!
   Area for cell type \sky130_fd_sc_hd__and4b_2 is unknown!
   Area for cell type \sky130_fd_sc_hd__and4bb_2 is unknown!
   Area for cell type \sky130_fd_sc_hd__clkbuf_16 is unknown!
   Area for cell type \sky130_fd_sc_hd__clkbuf_4 is unknown!
   Area for cell type \sky130_fd_sc_hd__clkbuf_8 is unknown!
   Area for cell type \sky130_fd_sc_hd__dfxtp_1 is unknown!
   Area for cell type \sky130_fd_sc_hd__dlclkp_1 is unknown!
   Area for cell type \sky130_fd_sc_hd__ebufn_2 is unknown!
   Area for cell type \sky130_fd_sc_hd__ebufn_4 is unknown!
   Area for cell type \sky130_fd_sc_hd__inv_1 is unknown!
   Area for cell type \sky130_fd_sc_hd__mux4_1 is unknown!
   Area for cell type \sky130_fd_sc_hd__nor3b_2 is unknown!
   Area for cell type \sky130_fd_sc_hd__nor4b_2 is unknown!

